== CMLラボを absent（VM実体を解放）: GEN-ENT-41225 ==

PLAY [CML にラボを構築・起動] **************************************************

TASK [lab.yaml の存在確認] *****************************************************
ok: [localhost]

TASK [ansible.builtin.assert] **************************************************
ok: [localhost] => 
    changed: false
    msg: All assertions passed

TASK [ラボを absent に] ********************************************************
changed: [localhost]

TASK [ansible.builtin.debug] ***************************************************
ok: [localhost] => 
    r:
      changed: true
      failed: false

TASK [MGMT リースを解放（lab_state=absent 時）] ********************************
changed: [localhost]

TASK [ansible.builtin.debug] ***************************************************
ok: [localhost] => 
    rel.stdout_lines:
    - '[mgmt_alloc] released: GEN-ENT-41225 (.11-.20, .31-.40)'
[WARNING]: Could not match supplied host pattern, ignoring: _bringup

PLAY [data IF を no shutdown（bringup_data_ifs 問題のみ）] *********************
skipping: no hosts matched

PLAY [console 経由の CVAC後 bringup（bringup_console 問題のみ）] ***************

PLAY [Zabbix 監視ホスト登録（monitoring 問題のみ）] ****************************

PLAY RECAP *********************************************************************
localhost                  : ok=6    changed=2    unreachable=0    failed=0    skipped=15   rescued=0    ignored=0   

[mgmt_alloc] リースなし(解放済): GEN-ENT-41225
GEN-ENT-41225: clab_topology 未定義 → containerlab はスキップ
== 生成物を掃除: topologies/_generated/GEN-ENT-41225 ==
== 作業コピー(使い捨て)を削除: /home/suzuki/ansible/CCNP01/lab/GEN-ENT-41225 ==
片付け完了。問題パック problems/GEN-ENT-41225 は再利用のため保持。
