== [1/3] build_topology (GEN-ENT-52725, variant=base) ==

PLAY [問題メタ読込み・対象ノード展開] ******************************************

TASK [ansible.builtin.include_vars] ********************************************
ok: [localhost]

TASK [ansible.builtin.file] ****************************************************
changed: [localhost]

TASK [MGMT IP をリース台帳から割当（mgmt_alloc.py → mgmt_map.yml）] ************
changed: [localhost]

TASK [ansible.builtin.debug] ***************************************************
ok: [localhost] => 
    alloc.stdout_lines:
    - '[mgmt_alloc] 割当: GEN-ENT-52725 → .11-.20, .31-.40 (空き残 20個)'
    - '[mgmt_alloc] wrote /home/suzuki/ansible/CCNP01/playbooks/../topologies/_generated/GEN-ENT-52725/mgmt_map.yml'

TASK [割当結果(mgmt_map.yml)を読み込む] ****************************************
ok: [localhost]

TASK [対象ノードを _gen グループへ（mgmt_ip と image_family を付与）] **********
changed: [localhost] => (item=INET)
changed: [localhost] => (item=ISPA)
changed: [localhost] => (item=ISPB)
changed: [localhost] => (item=RT01)
changed: [localhost] => (item=RT02)
changed: [localhost] => (item=DHCP01)
changed: [localhost] => (item=SW01)
changed: [localhost] => (item=SW02)
changed: [localhost] => (item=SW03)
changed: [localhost] => (item=SW04)
changed: [localhost] => (item=SW05)
changed: [localhost] => (item=SRVINET)
changed: [localhost] => (item=SRV01)
changed: [localhost] => (item=SRV02)
changed: [localhost] => (item=PC01)
changed: [localhost] => (item=PC02)
changed: [localhost] => (item=PC03)
changed: [localhost] => (item=PC04)
changed: [localhost] => (item=PC05)
changed: [localhost] => (item=PC06)

PLAY [各ノードの day0 config(baseline+initial) を描画] *************************
[WARNING]: Host 'ISPB' is using the discovered Python interpreter at '/usr/bin/python3.12', but future installation of another Python interpreter could cause a different interpreter to be discovered. See https://docs.ansible.com/ansible-core/2.20/reference_appendices/interpreter_discovery.html for more information.

TASK [baseline(role別) + initial を結合して day0 を生成（params をテンプレ文脈に渡す）] ***
changed: [ISPB]
[WARNING]: Host 'ISPA' is using the discovered Python interpreter at '/usr/bin/python3.12', but future installation of another Python interpreter could cause a different interpreter to be discovered. See https://docs.ansible.com/ansible-core/2.20/reference_appendices/interpreter_discovery.html for more information.
changed: [ISPA]
[WARNING]: Host 'RT02' is using the discovered Python interpreter at '/usr/bin/python3.12', but future installation of another Python interpreter could cause a different interpreter to be discovered. See https://docs.ansible.com/ansible-core/2.20/reference_appendices/interpreter_discovery.html for more information.
changed: [RT02]
[WARNING]: Host 'INET' is using the discovered Python interpreter at '/usr/bin/python3.12', but future installation of another Python interpreter could cause a different interpreter to be discovered. See https://docs.ansible.com/ansible-core/2.20/reference_appendices/interpreter_discovery.html for more information.
changed: [INET]
[WARNING]: Host 'RT01' is using the discovered Python interpreter at '/usr/bin/python3.12', but future installation of another Python interpreter could cause a different interpreter to be discovered. See https://docs.ansible.com/ansible-core/2.20/reference_appendices/interpreter_discovery.html for more information.
changed: [RT01]
[WARNING]: Host 'SW02' is using the discovered Python interpreter at '/usr/bin/python3.12', but future installation of another Python interpreter could cause a different interpreter to be discovered. See https://docs.ansible.com/ansible-core/2.20/reference_appendices/interpreter_discovery.html for more information.
changed: [SW02]
[WARNING]: Host 'DHCP01' is using the discovered Python interpreter at '/usr/bin/python3.12', but future installation of another Python interpreter could cause a different interpreter to be discovered. See https://docs.ansible.com/ansible-core/2.20/reference_appendices/interpreter_discovery.html for more information.
changed: [DHCP01]
[WARNING]: Host 'SW04' is using the discovered Python interpreter at '/usr/bin/python3.12', but future installation of another Python interpreter could cause a different interpreter to be discovered. See https://docs.ansible.com/ansible-core/2.20/reference_appendices/interpreter_discovery.html for more information.
changed: [SW04]
[WARNING]: Host 'SW03' is using the discovered Python interpreter at '/usr/bin/python3.12', but future installation of another Python interpreter could cause a different interpreter to be discovered. See https://docs.ansible.com/ansible-core/2.20/reference_appendices/interpreter_discovery.html for more information.
changed: [SW03]
[WARNING]: Host 'SW01' is using the discovered Python interpreter at '/usr/bin/python3.12', but future installation of another Python interpreter could cause a different interpreter to be discovered. See https://docs.ansible.com/ansible-core/2.20/reference_appendices/interpreter_discovery.html for more information.
changed: [SW01]
[WARNING]: Host 'SRV01' is using the discovered Python interpreter at '/usr/bin/python3.12', but future installation of another Python interpreter could cause a different interpreter to be discovered. See https://docs.ansible.com/ansible-core/2.20/reference_appendices/interpreter_discovery.html for more information.
changed: [SRV01]
[WARNING]: Host 'SRVINET' is using the discovered Python interpreter at '/usr/bin/python3.12', but future installation of another Python interpreter could cause a different interpreter to be discovered. See https://docs.ansible.com/ansible-core/2.20/reference_appendices/interpreter_discovery.html for more information.
changed: [SRVINET]
[WARNING]: Host 'SW05' is using the discovered Python interpreter at '/usr/bin/python3.12', but future installation of another Python interpreter could cause a different interpreter to be discovered. See https://docs.ansible.com/ansible-core/2.20/reference_appendices/interpreter_discovery.html for more information.
changed: [SW05]
[WARNING]: Host 'SRV02' is using the discovered Python interpreter at '/usr/bin/python3.12', but future installation of another Python interpreter could cause a different interpreter to be discovered. See https://docs.ansible.com/ansible-core/2.20/reference_appendices/interpreter_discovery.html for more information.
[WARNING]: Host 'PC01' is using the discovered Python interpreter at '/usr/bin/python3.12', but future installation of another Python interpreter could cause a different interpreter to be discovered. See https://docs.ansible.com/ansible-core/2.20/reference_appendices/interpreter_discovery.html for more information.
[WARNING]: Host 'PC02' is using the discovered Python interpreter at '/usr/bin/python3.12', but future installation of another Python interpreter could cause a different interpreter to be discovered. See https://docs.ansible.com/ansible-core/2.20/reference_appendices/interpreter_discovery.html for more information.
[WARNING]: Host 'PC04' is using the discovered Python interpreter at '/usr/bin/python3.12', but future installation of another Python interpreter could cause a different interpreter to be discovered. See https://docs.ansible.com/ansible-core/2.20/reference_appendices/interpreter_discovery.html for more information.
[WARNING]: Host 'PC03' is using the discovered Python interpreter at '/usr/bin/python3.12', but future installation of another Python interpreter could cause a different interpreter to be discovered. See https://docs.ansible.com/ansible-core/2.20/reference_appendices/interpreter_discovery.html for more information.
[WARNING]: Host 'PC05' is using the discovered Python interpreter at '/usr/bin/python3.12', but future installation of another Python interpreter could cause a different interpreter to be discovered. See https://docs.ansible.com/ansible-core/2.20/reference_appendices/interpreter_discovery.html for more information.
[WARNING]: Host 'PC06' is using the discovered Python interpreter at '/usr/bin/python3.12', but future installation of another Python interpreter could cause a different interpreter to be discovered. See https://docs.ansible.com/ansible-core/2.20/reference_appendices/interpreter_discovery.html for more information.
changed: [SRV02]
changed: [PC01]
changed: [PC02]
changed: [PC04]
changed: [PC03]
changed: [PC05]
changed: [PC06]

PLAY [lab.yaml を生成] *********************************************************

TASK [ansible.builtin.include_vars] ********************************************
ok: [localhost]

TASK [ansible.builtin.set_fact] ************************************************
ok: [localhost]

TASK [gen_cml_lab.py で組み立て] ***********************************************
changed: [localhost]

TASK [ansible.builtin.debug] ***************************************************
ok: [localhost] => 
    gen.stdout: 'wrote /home/suzuki/ansible/CCNP01/playbooks/../topologies/_generated/GEN-ENT-52725/lab.yaml:
      22 nodes, 40 links (family=iol)'

PLAY RECAP *********************************************************************
DHCP01                     : ok=1    changed=1    unreachable=0    failed=0    skipped=1    rescued=0    ignored=0   
INET                       : ok=1    changed=1    unreachable=0    failed=0    skipped=1    rescued=0    ignored=0   
ISPA                       : ok=1    changed=1    unreachable=0    failed=0    skipped=1    rescued=0    ignored=0   
ISPB                       : ok=1    changed=1    unreachable=0    failed=0    skipped=1    rescued=0    ignored=0   
PC01                       : ok=1    changed=1    unreachable=0    failed=0    skipped=1    rescued=0    ignored=0   
PC02                       : ok=1    changed=1    unreachable=0    failed=0    skipped=1    rescued=0    ignored=0   
PC03                       : ok=1    changed=1    unreachable=0    failed=0    skipped=1    rescued=0    ignored=0   
PC04                       : ok=1    changed=1    unreachable=0    failed=0    skipped=1    rescued=0    ignored=0   
PC05                       : ok=1    changed=1    unreachable=0    failed=0    skipped=1    rescued=0    ignored=0   
PC06                       : ok=1    changed=1    unreachable=0    failed=0    skipped=1    rescued=0    ignored=0   
RT01                       : ok=1    changed=1    unreachable=0    failed=0    skipped=1    rescued=0    ignored=0   
RT02                       : ok=1    changed=1    unreachable=0    failed=0    skipped=1    rescued=0    ignored=0   
SRV01                      : ok=1    changed=1    unreachable=0    failed=0    skipped=1    rescued=0    ignored=0   
SRV02                      : ok=1    changed=1    unreachable=0    failed=0    skipped=1    rescued=0    ignored=0   
SRVINET                    : ok=1    changed=1    unreachable=0    failed=0    skipped=1    rescued=0    ignored=0   
SW01                       : ok=1    changed=1    unreachable=0    failed=0    skipped=1    rescued=0    ignored=0   
SW02                       : ok=1    changed=1    unreachable=0    failed=0    skipped=1    rescued=0    ignored=0   
SW03                       : ok=1    changed=1    unreachable=0    failed=0    skipped=1    rescued=0    ignored=0   
SW04                       : ok=1    changed=1    unreachable=0    failed=0    skipped=1    rescued=0    ignored=0   
SW05                       : ok=1    changed=1    unreachable=0    failed=0    skipped=1    rescued=0    ignored=0   
localhost                  : ok=10   changed=4    unreachable=0    failed=0    skipped=2    rescued=0    ignored=0   

== [2/3] lab_up (CML 起動) ==

PLAY [CML にラボを構築・起動] **************************************************

TASK [lab.yaml の存在確認] *****************************************************
ok: [localhost]

TASK [ansible.builtin.assert] **************************************************
ok: [localhost] => 
    changed: false
    msg: All assertions passed

TASK [起動前プリフライト（割当 IP の生存確認）] ********************************
ok: [localhost]

TASK [ansible.builtin.debug] ***************************************************
ok: [localhost] => 
    pf.stdout_lines:
    - '[preflight] OK: 割当 20 IP はすべて未使用(CCNP-LAB-a342d932 新規起動可)'

TASK [ラボを started に] *******************************************************
changed: [localhost]

TASK [ansible.builtin.debug] ***************************************************
ok: [localhost] => 
    r:
      changed: true
      failed: false

TASK [未起動ノードのフォロー（全ノード BOOTED 待ち）] **************************
ok: [localhost]

TASK [ansible.builtin.debug] ***************************************************
ok: [localhost] => 
    fix.stdout_lines:
    - all 22 nodes BOOTED

TASK [ansible.builtin.include_vars] ********************************************
ok: [localhost]

TASK [ansible.builtin.command] *************************************************
ok: [localhost] => (item=10.1.10.11)
ok: [localhost] => (item=10.1.10.12)
ok: [localhost] => (item=10.1.10.13)
ok: [localhost] => (item=10.1.10.14)
ok: [localhost] => (item=10.1.10.15)
ok: [localhost] => (item=10.1.10.16)
ok: [localhost] => (item=10.1.10.17)
ok: [localhost] => (item=10.1.10.18)
ok: [localhost] => (item=10.1.10.19)
ok: [localhost] => (item=10.1.10.20)
ok: [localhost] => (item=10.1.10.31)
ok: [localhost] => (item=10.1.10.32)
ok: [localhost] => (item=10.1.10.33)
ok: [localhost] => (item=10.1.10.34)
ok: [localhost] => (item=10.1.10.35)
ok: [localhost] => (item=10.1.10.36)
ok: [localhost] => (item=10.1.10.37)
ok: [localhost] => (item=10.1.10.38)
ok: [localhost] => (item=10.1.10.39)
ok: [localhost] => (item=10.1.10.40)

TASK [ansible.builtin.include_vars] ********************************************
ok: [localhost]

TASK [ansible.builtin.include_vars] ********************************************
ok: [localhost]

TASK [bringup ノード登録] ******************************************************
changed: [localhost] => (item=INET)
changed: [localhost] => (item=ISPA)
changed: [localhost] => (item=ISPB)
changed: [localhost] => (item=RT01)
changed: [localhost] => (item=RT02)
changed: [localhost] => (item=DHCP01)

PLAY [data IF を no shutdown（bringup_data_ifs 問題のみ）] *********************

TASK [SSH ポート待ち] **********************************************************
ok: [RT01 -> localhost]
ok: [RT02 -> localhost]
ok: [ISPB -> localhost]
ok: [ISPA -> localhost]
ok: [INET -> localhost]
ok: [DHCP01 -> localhost]
[WARNING]: To ensure idempotency and correct diff the input configuration lines should be similar to how they appear if present in the running configuration on device
[WARNING]: Deprecation warnings can be disabled by setting `deprecation_warnings=False` in ansible.cfg.
[DEPRECATION WARNING]: Importing 'to_bytes' from 'ansible.module_utils._text' is deprecated. This feature will be removed from ansible-core version 2.24. Use ansible.module_utils.common.text.converters instead.
[DEPRECATION WARNING]: Importing 'to_text' from 'ansible.module_utils._text' is deprecated. This feature will be removed from ansible-core version 2.24. Use ansible.module_utils.common.text.converters instead.
[DEPRECATION WARNING]: The `ansible.module_utils.common._collections_compat` module is deprecated. This feature will be removed from ansible-core version 2.24. Use `collections.abc` from the Python standard library instead.
[DEPRECATION WARNING]: Passing `warnings` to `exit_json` or `fail_json` is deprecated. This feature will be removed from ansible-core version 2.23. Use `AnsibleModule.warn` instead.

TASK [data IF を no shutdown（SSH鍵生成待ちでリトライ）] ***********************
changed: [ISPA] => (item=Ethernet0/0)
changed: [RT02] => (item=Ethernet0/0)
changed: [ISPB] => (item=Ethernet0/0)
changed: [INET] => (item=Ethernet0/0)
changed: [RT01] => (item=Ethernet0/0)
changed: [ISPA] => (item=Ethernet0/1)
changed: [ISPB] => (item=Ethernet0/1)
changed: [RT02] => (item=Ethernet0/1)
changed: [RT01] => (item=Ethernet0/1)
changed: [INET] => (item=Ethernet0/1)
changed: [ISPA] => (item=Ethernet0/2)
changed: [ISPB] => (item=Ethernet0/2)
changed: [RT01] => (item=Ethernet0/2)
changed: [INET] => (item=Ethernet0/2)
changed: [RT02] => (item=Ethernet0/2)
changed: [DHCP01] => (item=Ethernet0/0)
changed: [DHCP01] => (item=Ethernet0/1)
changed: [DHCP01] => (item=Ethernet0/2)

PLAY [console 経由の CVAC後 bringup（bringup_console 問題のみ）] ***************

TASK [ansible.builtin.include_vars] ********************************************
ok: [localhost]

PLAY [Zabbix 監視ホスト登録（monitoring 問題のみ）] ****************************

TASK [ansible.builtin.include_vars] ********************************************
ok: [localhost]

PLAY RECAP *********************************************************************
DHCP01                     : ok=2    changed=1    unreachable=0    failed=0    skipped=0    rescued=0    ignored=0   
INET                       : ok=2    changed=1    unreachable=0    failed=0    skipped=0    rescued=0    ignored=0   
ISPA                       : ok=2    changed=1    unreachable=0    failed=0    skipped=0    rescued=0    ignored=0   
ISPB                       : ok=2    changed=1    unreachable=0    failed=0    skipped=0    rescued=0    ignored=0   
RT01                       : ok=2    changed=1    unreachable=0    failed=0    skipped=0    rescued=0    ignored=0   
RT02                       : ok=2    changed=1    unreachable=0    failed=0    skipped=0    rescued=0    ignored=0   
localhost                  : ok=15   changed=2    unreachable=0    failed=0    skipped=6    rescued=0    ignored=0   

GEN-ENT-52725: clab_topology 未定義 → containerlab はスキップ
== [3/3] 作業フォルダ作成: /home/suzuki/ansible/CCNP01/lab/GEN-ENT-52725 ==
   問題.md 
完了。VSCodeで開いた CCNP01 ツリーの lab/GEN-ENT-52725/ を編集（問題.md 同梱）。SSH: SUZUKI/CCNP・mgmt .11〜。
