SSL Verification disabled
Could not find details in testbed for server terminal_server.
Could not find details in testbed for server terminal_server.
No details found in testbed for hostname terminal_server.
Could not find details in testbed for server terminal_server.
Could not find details in testbed for server terminal_server.
No details found in testbed for hostname terminal_server.
Could not find details in testbed for server terminal_server.
Could not find details in testbed for server terminal_server.
No details found in testbed for hostname terminal_server.
Could not find details in testbed for server terminal_server.
Could not find details in testbed for server terminal_server.
No details found in testbed for hostname terminal_server.

===== D1 =====
  [rec] D1 部品の定義 (488 bytes)
  [note] == D1a: 標準 ACL `permit 10.50.0.0`(K1)(基線復帰 0s)
  [rec] D1a 投入 (49 bytes)
  [rec] D1a 残った経路(9s で安定) (283 bytes)
  [rec] D1a — RT01# show access-lists 10 (51 bytes)
  [note] == D1b: 拡張・直接 `permit ip any host 10.50.0.0`(K2 dst=網)(基線復帰 17s)
  [rec] D1b 投入 (50 bytes)
  [rec] D1b 残った経路(9s で安定) (283 bytes)
  [rec] D1b — RT01# show access-lists 110 (64 bytes)
  [note] == D1c: 拡張・直接 `permit ip host 10.50.0.0 any`(K2 src に網を書く)(基線復帰 17s)
  [rec] D1c 投入 (50 bytes)
