SSL Verification disabled
Could not find details in testbed for server terminal_server.
Could not find details in testbed for server terminal_server.
No details found in testbed for hostname terminal_server.
Could not find details in testbed for server terminal_server.
Could not find details in testbed for server terminal_server.
No details found in testbed for hostname terminal_server.
Could not find details in testbed for server terminal_server.
Could not find details in testbed for server terminal_server.
No details found in testbed for hostname terminal_server.
Could not find details in testbed for server terminal_server.
Could not find details in testbed for server terminal_server.
No details found in testbed for hostname terminal_server.

===== D5 =====
  [note] D5: 反映の推移(秒, 経路数)= [(1, 13), (4, 13), (7, 13), (11, 4), (14, 4)]
  [rec] D5 log — RT01 show logging (2027 bytes)

===== D1 =====
  [rec] D1 部品の定義 (518 bytes)
    ! RT01: % Duplicate permit statement ignored
  [note] == D1a: 標準 ACL `permit 10.50.0.0`(K1)(基線復帰 11s)
  [rec] D1a 投入 (49 bytes)
  [rec] D1a 残った経路(22s で安定) (86 bytes)
  [rec] D1a — RT01# show access-lists 10 (63 bytes)
  [rec] D1a log — RT01 show logging (257 bytes)
  [note] == D1b: 拡張・直接 `permit ip any host 10.50.0.0`(K2 dst=網)(基線復帰 11s)
  [rec] D1b 投入 (50 bytes)
  [rec] D1b 残った経路(22s で安定) (86 bytes)
  [rec] D1b — RT01# show access-lists 110 (76 bytes)
  [rec] D1b log — RT01 show logging (257 bytes)
  [note] == D1c: 拡張・直接 `permit ip host 10.50.0.0 any`(K2 src に網を書く)(基線復帰 11s)
  [rec] D1c 投入 (50 bytes)
  [rec] D1c 残った経路(22s で安定) (4 bytes)
  [rec] D1c — RT01# show access-lists 111 (64 bytes)
  [rec] D1c log — RT01 show logging (257 bytes)
  [note] == D1d: 拡張・直接 `permit ip host 10.0.13.3 any`(K2 src=広告元 RT03)(基線復帰 11s)
  [rec] D1d 投入 (50 bytes)
  [rec] D1d 残った経路(22s で安定) (81 bytes)
  [rec] D1d — RT01# show access-lists 112 (77 bytes)
  [rec] D1d log — RT01 show logging (257 bytes)
  [note] == D1e: 拡張・直接 `permit ip host 10.0.24.4 any`(K3 RT04= 作ったルータ)(基線復帰 11s)
  [rec] D1e 投入 (50 bytes)
  [rec] D1e 残った経路(22s で安定) (4 bytes)
  [rec] D1e — RT01# show access-lists 113 (64 bytes)
  [rec] D1e log — RT01 show logging (257 bytes)
  [note] == D1f: 拡張・直接 `permit ip host 10.0.12.2 host 10.60.0.0`(K3 広告元 RT02 × 網)(基線復帰 11s)
  [rec] D1f 投入 (50 bytes)
  [rec] D1f 残った経路(22s で安定) (39 bytes)
  [rec] D1f — RT01# show access-lists 114 (87 bytes)
  [rec] D1f log — RT01 show logging (257 bytes)
  [note] == D1g: route-map 経由 `permit ip host 10.50.0.0 host 255.255.255.0`(K4)(基線復帰 11s)
  [rec] D1g 投入 (62 bytes)
  [rec] D1g 残った経路(22s で安定) (23 bytes)
  [rec] D1g — RT01# show access-lists 120 (91 bytes)
  [rec] D1g log — RT01 show logging (257 bytes)
  [note] == D1h: prefix-list `10.50.0.0/16 ge 24 le 24`(K5)(基線復帰 11s)
  [rec] D1h 投入 (56 bytes)
  [rec] D1h 残った経路(21s で安定) (112 bytes)
  [rec] D1h — RT01# show ip prefix-list P1 (70 bytes)
  [rec] D1h log — RT01 show logging (257 bytes)
  [note] == D1i: 標準 ACL 非連続 `permit 10.50.0.0 0.0.2.255`(K6)(基線復帰 11s)
  [rec] D1i 投入 (49 bytes)
  [rec] D1i 残った経路(22s で安定) (157 bytes)
  [rec] D1i — RT01# show access-lists 11 (88 bytes)
  [rec] D1i log — RT01 show logging (257 bytes)

===== D2 =====
  [rec] D2 部品 (96 bytes)
  [note] == D2a: 全体 prefix P24(/24 だけ) + IF(e0/1=RT03) ACL 30(10.50.0.0 のみ)(基線復帰 11s)
  [rec] D2a 投入 (91 bytes)
  [rec] D2a 残った経路(22s で安定) (128 bytes)
  [rec] D2a — RT01# show ip protocols | include filter|Distribute|Ethernet (315 bytes)
  [rec] D2a log — RT01 show logging (257 bytes)

===== D3 =====
  [rec] D3 部品 (106 bytes)
  [note] == D3a: 同 IF(e0/0=RT02) に ACL 31(10.50.0.x)→ prefix P26(/26) の順で投入(基線復帰 11s)
  [rec] D3a 投入 (147 bytes)
    ! RT01: %EIGRP: Access-list filter exists, de-config first
  [rec] D3a 残った経路(22s で安定) (150 bytes)
  [rec] D3a — RT01# show running-config | section router eigrp (138 bytes)
  [rec] D3a — RT01# show ip protocols | include filter|Distribute|Ethernet (305 bytes)
  [rec] D3a log — RT01 show logging (133 bytes)
  [note] == D3b: 同 IF(e0/0) に ACL 31 → route-map RM120 の順で投入(基線復帰 11s)
  [rec] D3b 投入 (152 bytes)
    ! RT01: %EIGRP: Access-list filter exists, de-config first
  [rec] D3b 残った経路(22s で安定) (150 bytes)
  [rec] D3b — RT01# show running-config | section router eigrp (138 bytes)
  [rec] D3b log — RT01 show logging (133 bytes)

===== D4 =====
  [rec] D4 部品 (253 bytes)
  [note] == D4a: route-map 経由 dst= `255.255.255.0 0.0.0.255`(マスク /24〜/32 のつもり)(基線復帰 11s)
  [rec] D4a 投入 (62 bytes)
  [rec] D4a 残った経路(22s で安定) (199 bytes)
  [rec] D4a — RT01# show access-lists 121 (104 bytes)
  [rec] D4a log — RT01 show logging (257 bytes)
  [note] == D4b: route-map 経由 dst= `host 255.255.255.0`・src= 10.50/16(/24 ちょうど)(基線復帰 11s)
  [rec] D4b 投入 (62 bytes)
  [rec] D4b 残った経路(21s で安定) (112 bytes)
  [rec] D4b — RT01# show access-lists 122 (98 bytes)
  [rec] D4b log — RT01 show logging (257 bytes)
