SSL Verification disabled
Could not find details in testbed for server terminal_server.
Could not find details in testbed for server terminal_server.
No details found in testbed for hostname terminal_server.
Could not find details in testbed for server terminal_server.
Could not find details in testbed for server terminal_server.
No details found in testbed for hostname terminal_server.
Could not find details in testbed for server terminal_server.
Could not find details in testbed for server terminal_server.
No details found in testbed for hostname terminal_server.
Could not find details in testbed for server terminal_server.
Could not find details in testbed for server terminal_server.
No details found in testbed for hostname terminal_server.

===== P1 =====
  [rec] P1 eigrp named: (config-router) — RT01: router eigrp NAMED : ? (375 bytes)
  [rec] P1 eigrp named: (config-router-af) — RT01: router eigrp NAMED / address-family ipv4 unicast autonomous-system 100 : ? (986 bytes)
  [rec] P1 eigrp named: (config-router-af-interface) — RT01: router eigrp NAMED / address-family ipv4 unicast autonomous-system 100 / af-interface default : ? (944 bytes)
  [rec] P1 eigrp named: (config-router-af-topology) — RT01: router eigrp NAMED / address-family ipv4 unicast autonomous-system 100 / topology base : ? (1563 bytes)
  [rec] P1 eigrp named af: eigrp ? — RT01: router eigrp NAMED / address-family ipv4 unicast autonomous-system 100 : eigrp ? (527 bytes)
  [rec] P1 eigrp named af-interface: authentication ? — RT01: router eigrp NAMED / address-family ipv4 unicast autonomous-system 100 / af-interface default : authentication ? (122 bytes)
  [rec] P1 eigrp named af-topology: redistribute ? — RT01: router eigrp NAMED / address-family ipv4 unicast autonomous-system 100 / topology base : redistribute ? (852 bytes)
  [rec] P1 eigrp classic: (config-router) — RT01: router eigrp 100 : ? (15285 bytes)
  [rec] P1 classic IF: ip hello-interval ? — RT01: interface Ethernet0/0 : ip hello-interval ? (115 bytes)
  [rec] P1 classic IF: ip authentication ? — RT01: interface Ethernet0/0 : ip authentication ? (96 bytes)
    ! RT01: %Attempting to deconfigure non-existent AS
  [rec] P1 nhrp/tunnel — RT01: interface Tunnel0 : ip nhrp ? (1547 bytes)
  [rec] P1 nhrp/tunnel — RT01: interface Tunnel0 : ip nhrp registration ? (322 bytes)
  [rec] P1 nhrp/tunnel — RT01: interface Tunnel0 : ip nhrp map ? (143 bytes)
  [rec] P1 nhrp/tunnel — RT01: interface Tunnel0 : ip nhrp map multicast ? (203 bytes)
  [rec] P1 nhrp/tunnel — RT01: interface Tunnel0 : ip nhrp nhs ? (225 bytes)
  [rec] P1 nhrp/tunnel — RT01: interface Tunnel0 : ip nhrp nhs 10.0.0.1 ? (222 bytes)
  [rec] P1 nhrp/tunnel — RT01: interface Tunnel0 : ip nhrp nhs 10.0.0.1 nbma 192.0.2.1 ? (292 bytes)
  [rec] P1 nhrp/tunnel — RT01: interface Tunnel0 : ip nhrp holdtime ? (84 bytes)
  [rec] P1 nhrp/tunnel — RT01: interface Tunnel0 : ip nhrp authentication ? (95 bytes)
  [rec] P1 nhrp/tunnel — RT01: interface Tunnel0 : ip nhrp shortcut ? (132 bytes)
  [rec] P1 nhrp/tunnel — RT01: interface Tunnel0 : ip nhrp redirect ? (157 bytes)
  [rec] P1 nhrp/tunnel — RT01: interface Tunnel0 : ip nhrp network-id ? (94 bytes)
  [rec] P1 nhrp/tunnel — RT01: interface Tunnel0 : tunnel mode ? (899 bytes)
  [rec] P1 nhrp/tunnel — RT01: interface Tunnel0 : tunnel mode gre ? (134 bytes)
  [rec] P1 nhrp/tunnel — RT01: interface Tunnel0 : tunnel key ? (63 bytes)
  [rec] P1 nhrp/tunnel — RT01: interface Tunnel0 : tunnel protection ? (170 bytes)
  [rec] P1 nhrp/tunnel — RT01: interface Tunnel0 : tunnel protection ipsec profile PROF ? (316 bytes)
  [rec] P1 crypto 有無 — RT01: (config) : crypto ? (1091 bytes)
  [rec] P1 crypto 有無 — RT01: (config) : crypto ipsec ? (678 bytes)
  [rec] P1 crypto 有無 — RT01: (config) : crypto isakmp ? (1100 bytes)
  [rec] P1 route-map set — RT01: route-map RM-POC permit 10 : set ip precedence ? (487 bytes)
  [rec] P1 route-map set — RT01: route-map RM-POC permit 10 : set ip dscp ? (72 bytes)
  [rec] P1 route-map set — RT01: route-map RM-POC permit 10 : set ip tos ? (319 bytes)
  [rec] P1 route-map set — RT01: route-map RM-POC permit 10 : set ? (1655 bytes)
  [rec] P1 route-map set — RT01: route-map RM-POC permit 10 : set precedence ? (78 bytes)
  [rec] P1 route-map set — RT01: route-map RM-POC permit 10 : set dscp ? (66 bytes)
    ! RT01: % Invalid input detected at '^' marker.
  [rec] P1 show route-map(precedence/dscp の表示形) (145 bytes)
  [rec] P1 bfd — RT01: bfd-template single-hop T-POC : interval ? (207 bytes)
  [rec] P1 bfd — RT01: bfd-template single-hop T-POC : interval min-tx 100 ? (106 bytes)
  [rec] P1 bfd — RT01: bfd-template single-hop T-POC : interval min-tx 100 min-rx 100 ? (157 bytes)
  [rec] P1 bfd — RT01: interface Ethernet0/0 : bfd ? (251 bytes)
  [rec] P1 bfd — RT01: interface Ethernet0/0 : bfd interval 100 ? (99 bytes)
  [rec] P1 bfd — RT01: interface Ethernet0/0 : bfd interval 100 min_rx 100 ? (131 bytes)
  [rec] P1 bfd — RT01: interface Ethernet0/0 : ip ospf bfd ? (149 bytes)
  [rec] P1 bfd — RT01: router ospf 99 : bfd ? (78 bytes)

===== P2 =====
  [note] P2a forus(自ルータ宛を受信): ping RT01→10.0.12.2 = 100%
  [rec] P2a forus(自ルータ宛を受信) — RT02 show logging (1617 bytes)
  [note] P2b transit(中継 forward): ping RT01→10.0.23.3 = 100%
  [rec] P2b transit(中継 forward) — RT02 show logging (0 bytes)
  [note] P2c local 発(自ルータ発): ping RT02→10.0.12.1 = 100%
  [rec] P2c local 発(自ルータ発) — RT02 show logging (1617 bytes)
  [note] P2d unroutable(経路なし): ping RT01→172.31.99.1 = 0%
  [rec] P2d unroutable(経路なし) — RT02 show logging (575 bytes)
  [note] P2e access denied(inbound ACL で拒否): ping RT01→10.0.23.3 = 0%
  [rec] P2e access denied(inbound ACL で拒否) — RT02 show logging (716 bytes)
  [note] P2f encapsulation failed(next-hop が ARP 応答しない): ping RT01→172.31.100.1 = 0%
  [rec] P2f encapsulation failed(next-hop が ARP 応答しない) — RT02 show logging (0 bytes)
  [note] P2g detail(forus・ICMP type/code): ping RT01→10.0.12.2 = 100%
  [rec] P2g detail(forus・ICMP type/code) — RT02 show logging (2077 bytes)
  [note] P2h detail(transit): ping RT01→10.0.23.3 = 100%
  [rec] P2h detail(transit) — RT02 show logging (0 bytes)
exit=0
