SSL Verification disabled
Could not find details in testbed for server terminal_server.
Could not find details in testbed for server terminal_server.
No details found in testbed for hostname terminal_server.
Could not find details in testbed for server terminal_server.
Could not find details in testbed for server terminal_server.
No details found in testbed for hostname terminal_server.
Could not find details in testbed for server terminal_server.
Could not find details in testbed for server terminal_server.
No details found in testbed for hostname terminal_server.
Could not find details in testbed for server terminal_server.
Could not find details in testbed for server terminal_server.
No details found in testbed for hostname terminal_server.

===== P1b =====
    ! RT01: %Attempting to deconfigure non-existent AS
  [rec] P1b eigrp classic: (config-router) — RT01: router eigrp 200 : ? (2047 bytes)
  [rec] P1b eigrp classic: passive-interface ? — RT01: router eigrp 200 : passive-interface ? (3493 bytes)
  [rec] P1b classic IF: ip summary-address ? — RT01: interface Ethernet0/0 : ip summary-address ? (161 bytes)
  [rec] P1b classic IF: ip hello-interval eigrp 200 ? — RT01: interface Ethernet0/0 : ip hello-interval eigrp 200 ? (124 bytes)
  [rec] P1b named af-interface: summary-address ? — RT01: router eigrp NAMED / address-family ipv4 unicast autonomous-system 300 / af-interface Ethernet0/0 : summary-address ? (168 bytes)
  [rec] P1b named af-topology: distance ? — RT01: router eigrp NAMED / address-family ipv4 unicast autonomous-system 300 / topology base : distance ? (155 bytes)
  [rec] P1b named af: network ? — RT01: router eigrp NAMED / address-family ipv4 unicast autonomous-system 300 : network ? (68 bytes)

===== P2x =====
  [note] P2x: RT02 の Et0/0・Et0/1 で no ip route-cache(プロセススイッチ化)
  [note] P2x-b transit forward(no ip route-cache): ping RT01→10.0.23.3 = 100%
  [rec] P2x-b transit forward(no ip route-cache) — RT02 show logging (2051 bytes)
  [note] P2x-f encapsulation failed(no ip route-cache・next-hop が ARP 応答しない): ping RT01→172.31.100.1 = 0%
  [rec] P2x-f encapsulation failed(no ip route-cache・next-hop が ARP 応答しない) — RT02 show logging (1055 bytes)
  [note] P2x-h detail transit(no ip route-cache): ping RT01→10.0.23.3 = 100%
  [rec] P2x-h detail transit(no ip route-cache) — RT02 show logging (2603 bytes)
  [note] P2x-d unroutable(no ip route-cache): ping RT01→172.31.99.1 = 0%
  [rec] P2x-d unroutable(no ip route-cache) — RT02 show logging (841 bytes)

===== P3 =====
    待ち 1s: OSPF FULL
    待ち 11s: OSPF FULL
    待ち 22s: OSPF FULL
    待ち 32s: OSPF FULL
  [rec] P3 基線 OSPF FULL (333 bytes)
  [note] --- P3a mtu(RT02 ip mtu 1400 = 小さい側) ---
  [rec] P3a mtu(RT02 ip mtu 1400 = 小さい側) — RT01 show ip ospf neighbor (156 bytes)
  [rec] P3a mtu(RT02 ip mtu 1400 = 小さい側) — RT02 show ip ospf neighbor (156 bytes)
  [rec] P3a mtu(RT02 ip mtu 1400 = 小さい側) [RT01] — RT01 show logging (19608 bytes)
  [rec] P3a mtu(RT02 ip mtu 1400 = 小さい側) [RT02] — RT02 show logging (21167 bytes)
    待ち 1s: OSPF FULL
    待ち 11s: OSPF FULL
    待ち 22s: OSPF FULL
    待ち 33s: OSPF FULL
  [note] P3a mtu(RT02 ip mtu 1400 = 小さい側): 復旧 FULL = 43.32452464103699s
  [note] --- P3a2 mtu + mtu-ignore を RT02(小さい側)だけ ---
  [rec] P3a2 mtu + mtu-ignore を RT02(小さい側)だけ — RT01 show ip ospf neighbor (156 bytes)
  [rec] P3a2 mtu + mtu-ignore を RT02(小さい側)だけ — RT02 show ip ospf neighbor (156 bytes)
  [rec] P3a2 mtu + mtu-ignore を RT02(小さい側)だけ [RT01] — RT01 show logging (9532 bytes)
  [rec] P3a2 mtu + mtu-ignore を RT02(小さい側)だけ [RT02] — RT02 show logging (9792 bytes)
  [note] P3a2 mtu + mtu-ignore を RT02(小さい側)だけ: 復旧 FULL = 0.6034331321716309s
  [note] --- P3a3 mtu + mtu-ignore を RT01(大きい側)だけ ---
  [rec] P3a3 mtu + mtu-ignore を RT01(大きい側)だけ — RT01 show ip ospf neighbor (156 bytes)
  [rec] P3a3 mtu + mtu-ignore を RT01(大きい側)だけ — RT02 show ip ospf neighbor (156 bytes)
  [rec] P3a3 mtu + mtu-ignore を RT01(大きい側)だけ [RT01] — RT01 show logging (9639 bytes)
  [rec] P3a3 mtu + mtu-ignore を RT01(大きい側)だけ [RT02] — RT02 show logging (11951 bytes)
  [note] P3a3 mtu + mtu-ignore を RT01(大きい側)だけ: 復旧 FULL = 0.6778554916381836s
  [note] --- P3b hello(RT02 hello-interval 5) ---
  [rec] P3b hello(RT02 hello-interval 5) — RT01 show ip ospf neighbor (0 bytes)
  [rec] P3b hello(RT02 hello-interval 5) — RT02 show ip ospf neighbor (0 bytes)
  [rec] P3b hello(RT02 hello-interval 5) [RT01] — RT01 show logging (4048 bytes)
  [rec] P3b hello(RT02 hello-interval 5) [RT02] — RT02 show logging (3182 bytes)
    待ち 1s: OSPF FULL
  [note] P3b hello(RT02 hello-interval 5): 復旧 FULL = 11.28831171989441s
  [note] --- P3c area(RT02 を area 1) ---
  [rec] P3c area(RT02 を area 1) — RT01 show ip ospf neighbor (0 bytes)
  [rec] P3c area(RT02 を area 1) — RT02 show ip ospf neighbor (0 bytes)
  [rec] P3c area(RT02 を area 1) [RT01] — RT01 show logging (1875 bytes)
  [rec] P3c area(RT02 を area 1) [RT02] — RT02 show logging (4009 bytes)
    待ち 1s: OSPF FULL
  [note] P3c area(RT02 を area 1): 復旧 FULL = 11.21224331855774s
  [note] --- P3d auth_type(RT02 のみ message-digest) ---
  [rec] P3d auth_type(RT02 のみ message-digest) — RT01 show ip ospf neighbor (0 bytes)
  [rec] P3d auth_type(RT02 のみ message-digest) — RT02 show ip ospf neighbor (0 bytes)
  [rec] P3d auth_type(RT02 のみ message-digest) [RT01] — RT01 show logging (1887 bytes)
  [rec] P3d auth_type(RT02 のみ message-digest) [RT02] — RT02 show logging (2412 bytes)
  [note] P3d auth_type(RT02 のみ message-digest): 復旧 FULL = 0.6003730297088623s
  [note] --- P3e auth_key(両側 MD5・鍵文字列違い) ---
  [rec] P3e auth_key(両側 MD5・鍵文字列違い) — RT01 show ip ospf neighbor (0 bytes)
  [rec] P3e auth_key(両側 MD5・鍵文字列違い) — RT02 show ip ospf neighbor (0 bytes)
  [rec] P3e auth_key(両側 MD5・鍵文字列違い) [RT01] — RT01 show logging (3390 bytes)
  [rec] P3e auth_key(両側 MD5・鍵文字列違い) [RT02] — RT02 show logging (3580 bytes)
    待ち 1s: OSPF FULL
  [note] P3e auth_key(両側 MD5・鍵文字列違い): 復旧 FULL = 11.222607374191284s
  [note] --- P3e2 auth_keyid(両側 MD5・鍵ID違い 1 vs 2) ---
  [rec] P3e2 auth_keyid(両側 MD5・鍵ID違い 1 vs 2) — RT01 show ip ospf neighbor (0 bytes)
  [rec] P3e2 auth_keyid(両側 MD5・鍵ID違い 1 vs 2) — RT02 show ip ospf neighbor (0 bytes)
  [rec] P3e2 auth_keyid(両側 MD5・鍵ID違い 1 vs 2) [RT01] — RT01 show logging (2292 bytes)
  [rec] P3e2 auth_keyid(両側 MD5・鍵ID違い 1 vs 2) [RT02] — RT02 show logging (2482 bytes)
  [note] P3e2 auth_keyid(両側 MD5・鍵ID違い 1 vs 2): 復旧 FULL = 0.6047096252441406s
  [note] --- P3f nettype(RT02 point-to-point・RT01 broadcast) ---
  [rec] P3f nettype(RT02 point-to-point・RT01 broadcast) — RT01 show ip ospf neighbor (156 bytes)
  [rec] P3f nettype(RT02 point-to-point・RT01 broadcast) — RT02 show ip ospf neighbor (156 bytes)
  [rec] P3f nettype(RT02 point-to-point・RT01 broadcast) — RT01# show ip route ospf (864 bytes)
  [rec] P3f nettype(RT02 point-to-point・RT01 broadcast) — RT02# show ip route ospf (843 bytes)
  [rec] P3f nettype(RT02 point-to-point・RT01 broadcast) — RT01# show ip ospf interface Ethernet0/0 | include Network Type|Neighbor|State (208 bytes)
  [rec] P3f nettype(RT02 point-to-point・RT01 broadcast) — RT02# show ip ospf interface Ethernet0/0 | include Network Type|Neighbor|State (208 bytes)
  [rec] P3f nettype(RT02 point-to-point・RT01 broadcast) [RT01] — RT01 show logging (9585 bytes)
  [rec] P3f nettype(RT02 point-to-point・RT01 broadcast) [RT02] — RT02 show logging (9473 bytes)
  [note] P3f nettype(RT02 point-to-point・RT01 broadcast): 復旧 FULL = 0.6027977466583252s
  [note] --- P3g prio0(両側 priority 0) ---
  [rec] P3g prio0(両側 priority 0) — RT01 show ip ospf neighbor (156 bytes)
  [rec] P3g prio0(両側 priority 0) — RT02 show ip ospf neighbor (156 bytes)
  [rec] P3g prio0(両側 priority 0) [RT01] — RT01 show logging (3619 bytes)
  [rec] P3g prio0(両側 priority 0) [RT02] — RT02 show logging (3927 bytes)
  [note] P3g prio0(両側 priority 0): 復旧 FULL = 0.715749979019165s
  [note] --- P3h stub(両側 area 1・RT02 だけ area 1 stub) ---
  [rec] P3h stub(両側 area 1・RT02 だけ area 1 stub) — RT01 show ip ospf neighbor (156 bytes)
  [rec] P3h stub(両側 area 1・RT02 だけ area 1 stub) — RT02 show ip ospf neighbor (156 bytes)
  [rec] P3h stub(両側 area 1・RT02 だけ area 1 stub) [RT01] — RT01 show logging (5652 bytes)
  [rec] P3h stub(両側 area 1・RT02 だけ area 1 stub) [RT02] — RT02 show logging (6200 bytes)
    待ち 1s: OSPF FULL
    待ち 11s: OSPF FULL
    待ち 22s: OSPF FULL
    待ち 33s: OSPF FULL
  [note] P3h stub(両側 area 1・RT02 だけ area 1 stub): 復旧 FULL = 43.591980934143066s
  [note] --- P3i passive(RT02 passive-interface Ethernet0/0) ---
  [rec] P3i passive(RT02 passive-interface Ethernet0/0) — RT01 show ip ospf neighbor (0 bytes)
  [rec] P3i passive(RT02 passive-interface Ethernet0/0) — RT02 show ip ospf neighbor (0 bytes)
  [rec] P3i passive(RT02 passive-interface Ethernet0/0) [RT01] — RT01 show logging (1630 bytes)
  [rec] P3i passive(RT02 passive-interface Ethernet0/0) [RT02] — RT02 show logging (2453 bytes)
  [note] P3i passive(RT02 passive-interface Ethernet0/0): 復旧 FULL = 0.593930721282959s
  [note] --- P3j dup_rid(RT02 router-id 1.1.1.1) ---
  [rec] P3j dup_rid(RT02 router-id 1.1.1.1) — RT01 show ip ospf neighbor (0 bytes)
  [rec] P3j dup_rid(RT02 router-id 1.1.1.1) — RT02 show ip ospf neighbor (0 bytes)
  [rec] P3j dup_rid(RT02 router-id 1.1.1.1) [RT01] — RT01 show logging (3008 bytes)
  [rec] P3j dup_rid(RT02 router-id 1.1.1.1) [RT02] — RT02 show logging (3592 bytes)
  [note] P3j dup_rid(RT02 router-id 1.1.1.1): 復旧 FULL = 0.7039632797241211s
  [note] --- P3k unidir(RT02 inbound ACL で OSPF(89) を拒否) ---
  [rec] P3k unidir(RT02 inbound ACL で OSPF(89) を拒否) — RT01 show ip ospf neighbor (156 bytes)
  [rec] P3k unidir(RT02 inbound ACL で OSPF(89) を拒否) — RT02 show ip ospf neighbor (0 bytes)
  [rec] P3k unidir(RT02 inbound ACL で OSPF(89) を拒否) [RT01] — RT01 show logging (4484 bytes)
  [rec] P3k unidir(RT02 inbound ACL で OSPF(89) を拒否) [RT02] — RT02 show logging (2960 bytes)
  [note] P3k unidir(RT02 inbound ACL で OSPF(89) を拒否): 復旧 FULL = 0.6045544147491455s

===== P4 =====
    待ち 0s: BFD Up
    待ち 11s: BFD Up
    待ち 21s: BFD Up
    待ち 31s: BFD Up
  [rec] P4a BFD 非対称(RT03 tx100/rx100/m3・RT04 tx300/rx200/m5) Up=41.507550954818726s (173 bytes)
  [rec] P4a — RT03 show bfd neighbors details (1349 bytes)
  [rec] P4a — RT04 show bfd neighbors details (1347 bytes)
  [rec] P4a — RT03 show ip ospf interface Ethernet0/0 | include BFD|Hello (164 bytes)
  [rec] P4b template(RT03 min-tx50/min-rx50/m4 template・RT04 据置) — RT03 details (1183 bytes)
  [rec] P4b — RT04 details (1160 bytes)
  [rec] P4b — RT03 show bfd summary (112 bytes)
  [rec] P4c no bfd echo(RT03) — RT03 details (1184 bytes)

===== P5 =====
  [rec] P5a stateless(O flag + autoconfig) — RT04 show ipv6 interface brief (1636 bytes)
  [rec] P5a stateless(O flag + autoconfig) — RT04 show ipv6 dhcp interface Ethernet0/0 (213 bytes)
  [rec] P5a stateless(O flag + autoconfig) — RT04 show ipv6 routers (336 bytes)
  [rec] P5a stateless(O flag + autoconfig) — RT04 show hosts | include Default|Name (59 bytes)
  [rec] P5a stateless(O flag + autoconfig) — RT03 show ipv6 dhcp binding (0 bytes)
  [rec] P5a stateless(O flag + autoconfig) — RT03 show ipv6 interface Ethernet0/0 | include Hosts|ND|advert|flag|unicast (497 bytes)
  [rec] P5c4 O flag だが ipv6 dhcp server 未attach — RT04 show ipv6 interface brief (1636 bytes)
  [rec] P5c4 O flag だが ipv6 dhcp server 未attach — RT04 show ipv6 dhcp interface Ethernet0/0 (213 bytes)
  [rec] P5c4 O flag だが ipv6 dhcp server 未attach — RT04 show ipv6 routers (336 bytes)
  [rec] P5c4 O flag だが ipv6 dhcp server 未attach — RT04 show hosts | include Default|Name (59 bytes)
  [rec] P5c4 O flag だが ipv6 dhcp server 未attach — RT03 show ipv6 dhcp binding (0 bytes)
  [rec] P5c4 O flag だが ipv6 dhcp server 未attach — RT03 show ipv6 interface Ethernet0/0 | include Hosts|ND|advert|flag|unicast (497 bytes)
  [rec] P5c1 no ipv6 unicast-routing(RA 送出側) — RT04 show ipv6 interface brief (1597 bytes)
  [rec] P5c1 no ipv6 unicast-routing(RA 送出側) — RT04 show ipv6 dhcp interface Ethernet0/0 (467 bytes)
  [rec] P5c1 no ipv6 unicast-routing(RA 送出側) — RT04 show ipv6 routers (0 bytes)
  [rec] P5c1 no ipv6 unicast-routing(RA 送出側) — RT04 show hosts | include Default|Name (64 bytes)
  [rec] P5c1 no ipv6 unicast-routing(RA 送出側) — RT03 show ipv6 dhcp binding (0 bytes)
  [rec] P5c1 no ipv6 unicast-routing(RA 送出側) — RT03 show ipv6 interface Ethernet0/0 | include Hosts|ND|advert|flag|unicast (184 bytes)
  [rec] P5c2 ipv6 nd ra suppress all — RT04 show ipv6 interface brief (1597 bytes)
  [rec] P5c2 ipv6 nd ra suppress all — RT04 show ipv6 dhcp interface Ethernet0/0 (467 bytes)
  [rec] P5c2 ipv6 nd ra suppress all — RT04 show ipv6 routers (0 bytes)
  [rec] P5c2 ipv6 nd ra suppress all — RT04 show hosts | include Default|Name (64 bytes)
  [rec] P5c2 ipv6 nd ra suppress all — RT03 show ipv6 dhcp binding (0 bytes)
  [rec] P5c2 ipv6 nd ra suppress all — RT03 show ipv6 interface Ethernet0/0 | include Hosts|ND|advert|flag|unicast (263 bytes)
  [rec] P5c5 IPv6 ACL(GUA host のみ許可)が LL 送信元の RA を落とす — RT04 show ipv6 interface brief (1597 bytes)
  [rec] P5c5 IPv6 ACL(GUA host のみ許可)が LL 送信元の RA を落とす — RT04 show ipv6 dhcp interface Ethernet0/0 (145 bytes)
  [rec] P5c5 IPv6 ACL(GUA host のみ許可)が LL 送信元の RA を落とす — RT04 show ipv6 routers (0 bytes)
  [rec] P5c5 IPv6 ACL(GUA host のみ許可)が LL 送信元の RA を落とす — RT04 show hosts | include Default|Name (59 bytes)
  [rec] P5c5 IPv6 ACL(GUA host のみ許可)が LL 送信元の RA を落とす — RT03 show ipv6 dhcp binding (0 bytes)
  [rec] P5c5 IPv6 ACL(GUA host のみ許可)が LL 送信元の RA を落とす — RT03 show ipv6 interface Ethernet0/0 | include Hosts|ND|advert|flag|unicast (497 bytes)
  [rec] P5c5 — RT04 show ipv6 access-list (77 bytes)
  [rec] P5b stateful(M flag + address prefix + no-autoconfig / client ipv6 address dhcp) — RT04 show ipv6 interface brief (1633 bytes)
  [rec] P5b stateful(M flag + address prefix + no-autoconfig / client ipv6 address dhcp) — RT04 show ipv6 dhcp interface Ethernet0/0 (634 bytes)
  [rec] P5b stateful(M flag + address prefix + no-autoconfig / client ipv6 address dhcp) — RT04 show ipv6 routers (325 bytes)
  [rec] P5b stateful(M flag + address prefix + no-autoconfig / client ipv6 address dhcp) — RT04 show hosts | include Default|Name (64 bytes)
  [rec] P5b stateful(M flag + address prefix + no-autoconfig / client ipv6 address dhcp) — RT03 show ipv6 dhcp binding (267 bytes)
  [rec] P5b stateful(M flag + address prefix + no-autoconfig / client ipv6 address dhcp) — RT03 show ipv6 interface Ethernet0/0 | include Hosts|ND|advert|flag|unicast (496 bytes)
  [rec] P5c3 M flag だが pool に address prefix 無し — RT04 show ipv6 interface brief (1597 bytes)
  [rec] P5c3 M flag だが pool に address prefix 無し — RT04 show ipv6 dhcp interface Ethernet0/0 (196 bytes)
  [rec] P5c3 M flag だが pool に address prefix 無し — RT04 show ipv6 routers (325 bytes)
  [rec] P5c3 M flag だが pool に address prefix 無し — RT04 show hosts | include Default|Name (59 bytes)
  [rec] P5c3 M flag だが pool に address prefix 無し — RT03 show ipv6 dhcp binding (0 bytes)
  [rec] P5c3 M flag だが pool に address prefix 無し — RT03 show ipv6 interface Ethernet0/0 | include Hosts|ND|advert|flag|unicast (496 bytes)
  [rec] P5c6 ipv6 address dhcp のみ(ipv6 enable 無し) — RT04 show ipv6 interface brief (1582 bytes)
  [rec] P5c6 ipv6 address dhcp のみ(ipv6 enable 無し) — RT04 show ipv6 dhcp interface Ethernet0/0 (145 bytes)
  [rec] P5c6 ipv6 address dhcp のみ(ipv6 enable 無し) — RT04 show ipv6 routers (0 bytes)
  [rec] P5c6 ipv6 address dhcp のみ(ipv6 enable 無し) — RT04 show hosts | include Default|Name (59 bytes)
  [rec] P5c6 ipv6 address dhcp のみ(ipv6 enable 無し) — RT03 show ipv6 dhcp binding (0 bytes)
  [rec] P5c6 ipv6 address dhcp のみ(ipv6 enable 無し) — RT03 show ipv6 interface Ethernet0/0 | include Hosts|ND|advert|flag|unicast (496 bytes)

===== P6 =====
  [rec] P6 show run | section router eigrp (RT02) (71 bytes)
  [rec] P6a 全台 auto-summary(壊れた基線) — RT01 show ip route eigrp (917 bytes)
  [rec] P6a 全台 auto-summary(壊れた基線) — RT02 show ip route eigrp (1155 bytes)
  [rec] P6a 全台 auto-summary(壊れた基線) — RT03 show ip route eigrp (1155 bytes)
  [rec] P6a 全台 auto-summary(壊れた基線) — RT04 show ip route eigrp (917 bytes)
  [rec] P6a 全台 auto-summary(壊れた基線) — RT01 show ip route 172.16.41.4 (21 bytes)
  [rec] P6a 全台 auto-summary(壊れた基線) ping RT01(172.16.11.1)→172.16.41.4 — RT01# ping 172.16.41.4 repeat 3 source 172.16.11.1 → 0% (189 bytes)
  [rec] P6a 全台 auto-summary(壊れた基線) ping RT04(172.16.41.4)→172.16.11.1 — RT04# ping 172.16.11.1 repeat 3 source 172.16.41.4 → 0% (189 bytes)
  [rec] P6b 非境界 RT01 だけ no auto-summary(効かないはず) — RT01 show ip route eigrp (917 bytes)
  [rec] P6b 非境界 RT01 だけ no auto-summary(効かないはず) — RT02 show ip route eigrp (1155 bytes)
  [rec] P6b 非境界 RT01 だけ no auto-summary(効かないはず) — RT03 show ip route eigrp (1155 bytes)
  [rec] P6b 非境界 RT01 だけ no auto-summary(効かないはず) — RT04 show ip route eigrp (917 bytes)
  [rec] P6b 非境界 RT01 だけ no auto-summary(効かないはず) — RT01 show ip route 172.16.41.4 (21 bytes)
  [rec] P6b 非境界 RT01 だけ no auto-summary(効かないはず) ping RT01(172.16.11.1)→172.16.41.4 — RT01# ping 172.16.41.4 repeat 3 source 172.16.11.1 → 0% (189 bytes)
  [rec] P6b 非境界 RT01 だけ no auto-summary(効かないはず) ping RT04(172.16.41.4)→172.16.11.1 — RT04# ping 172.16.11.1 repeat 3 source 172.16.41.4 → 0% (189 bytes)
  [rec] P6c 境界 RT02 だけ no auto-summary(片側) — RT01 show ip route eigrp (1101 bytes)
  [rec] P6c 境界 RT02 だけ no auto-summary(片側) — RT02 show ip route eigrp (1059 bytes)
  [rec] P6c 境界 RT02 だけ no auto-summary(片側) — RT03 show ip route eigrp (1307 bytes)
  [rec] P6c 境界 RT02 だけ no auto-summary(片側) — RT04 show ip route eigrp (1132 bytes)
  [rec] P6c 境界 RT02 だけ no auto-summary(片側) — RT01 show ip route 172.16.41.4 (517 bytes)
  [rec] P6c 境界 RT02 だけ no auto-summary(片側) ping RT01(172.16.11.1)→172.16.41.4 — RT01# ping 172.16.41.4 repeat 3 source 172.16.11.1 → 100% (227 bytes)
  [rec] P6c 境界 RT02 だけ no auto-summary(片側) ping RT04(172.16.41.4)→172.16.11.1 — RT04# ping 172.16.11.1 repeat 3 source 172.16.41.4 → 100% (226 bytes)
  [rec] P6d 境界 RT02+RT03 no auto-summary(両側) — RT01 show ip route eigrp (1178 bytes)
  [rec] P6d 境界 RT02+RT03 no auto-summary(両側) — RT02 show ip route eigrp (1136 bytes)
  [rec] P6d 境界 RT02+RT03 no auto-summary(両側) — RT03 show ip route eigrp (1136 bytes)
  [rec] P6d 境界 RT02+RT03 no auto-summary(両側) — RT04 show ip route eigrp (1178 bytes)
  [rec] P6d 境界 RT02+RT03 no auto-summary(両側) — RT01 show ip route 172.16.41.4 (518 bytes)
  [rec] P6d 境界 RT02+RT03 no auto-summary(両側) ping RT01(172.16.11.1)→172.16.41.4 — RT01# ping 172.16.41.4 repeat 3 source 172.16.11.1 → 100% (226 bytes)
  [rec] P6d 境界 RT02+RT03 no auto-summary(両側) ping RT04(172.16.41.4)→172.16.11.1 — RT04# ping 172.16.11.1 repeat 3 source 172.16.41.4 → 100% (226 bytes)
