SSL Verification disabled
Could not find details in testbed for server terminal_server.
Could not find details in testbed for server terminal_server.
No details found in testbed for hostname terminal_server.
Could not find details in testbed for server terminal_server.
Could not find details in testbed for server terminal_server.
No details found in testbed for hostname terminal_server.
Could not find details in testbed for server terminal_server.
Could not find details in testbed for server terminal_server.
No details found in testbed for hostname terminal_server.
Could not find details in testbed for server terminal_server.
Could not find details in testbed for server terminal_server.
No details found in testbed for hostname terminal_server.

===== P3h2 =====
    待ち 1s: OSPF FULL
    待ち 11s: OSPF FULL
    待ち 22s: OSPF FULL
    待ち 32s: OSPF FULL
    待ち 43s: OSPF FULL
    待ち 54s: OSPF FULL
    待ち 64s: OSPF FULL
    待ち 75s: OSPF FULL
    待ち 85s: OSPF FULL
    待ち 96s: OSPF FULL
    待ち 107s: OSPF FULL
    待ち 117s: OSPF FULL
  [rec] P3h2 基線 OSPF FULL (7 bytes)
  [rec] P3h2 stub 不一致(clear 後) — RT01 show ip ospf neighbor (0 bytes)
  [rec] P3h2 stub 不一致(clear 後) — RT02 show ip ospf neighbor (0 bytes)
  [rec] P3h2 [RT01] — RT01 show logging (168 bytes)
  [rec] P3h2 [RT02] — RT02 show logging (231 bytes)
    待ち 1s: OSPF FULL
    待ち 11s: OSPF FULL
    待ち 22s: OSPF FULL
    待ち 33s: OSPF FULL
    待ち 43s: OSPF FULL
    待ち 54s: OSPF FULL
    待ち 65s: OSPF FULL
    待ち 75s: OSPF FULL
    待ち 86s: OSPF FULL
    待ち 96s: OSPF FULL
    待ち 107s: OSPF FULL
    待ち 118s: OSPF FULL
  [note] P3h2 復旧 FULL = Nones

===== P1c =====
  [rec] P1c MQC: set dscp ? — RT01: policy-map PM-POC / class class-default : set dscp ? (1247 bytes)
  [rec] P1c MQC: set precedence ? — RT01: policy-map PM-POC / class class-default : set precedence ? (645 bytes)
  [rec] P1c MQC: set ip dscp ? — RT01: policy-map PM-POC / class class-default : set ip dscp ? (1253 bytes)
  [rec] P1c show policy-map PM-POC(dscp の表示形) (65 bytes)
  [rec] P1c show route-map RM-POC2(数値指定の表示形) (168 bytes)
  [rec] P1c show run | section route-map RM-POC2 (80 bytes)
  [rec] P1c named af: metric ? — RT01: router eigrp NAMED / address-family ipv4 unicast autonomous-system 300 : metric ? (195 bytes)
  [rec] P1c named af-topology: metric ? — RT01: router eigrp NAMED / address-family ipv4 unicast autonomous-system 300 / topology base : metric ? (110 bytes)
  [rec] P1c named af: timers ? — RT01: router eigrp NAMED / address-family ipv4 unicast autonomous-system 300 : timers ? (125 bytes)
  [rec] P1c named af-topology: timers ? — RT01: router eigrp NAMED / address-family ipv4 unicast autonomous-system 300 / topology base : timers ? (92 bytes)
  [rec] P1c named af: eigrp stub ? — RT01: router eigrp NAMED / address-family ipv4 unicast autonomous-system 300 : eigrp stub ? (362 bytes)
  [rec] P1c named af-interface Ethernet0/0: ? — RT01: router eigrp NAMED / address-family ipv4 unicast autonomous-system 300 / af-interface Ethernet0/0 : ? (1028 bytes)
  [rec] P1c named af-interface: authentication mode ? — RT01: router eigrp NAMED / address-family ipv4 unicast autonomous-system 300 / af-interface Ethernet0/0 : authentication mode ? (157 bytes)
  [rec] P1c named af-topology: variance ? — RT01: router eigrp NAMED / address-family ipv4 unicast autonomous-system 300 / topology base : variance ? (91 bytes)
