SSL Verification disabled
Could not find details in testbed for server terminal_server.
Could not find details in testbed for server terminal_server.
No details found in testbed for hostname terminal_server.
Could not find details in testbed for server terminal_server.
Could not find details in testbed for server terminal_server.
No details found in testbed for hostname terminal_server.
Could not find details in testbed for server terminal_server.
Could not find details in testbed for server terminal_server.
No details found in testbed for hostname terminal_server.
Could not find details in testbed for server terminal_server.
Could not find details in testbed for server terminal_server.
No details found in testbed for hostname terminal_server.

===== P3h3 =====
    待ち 1s: OSPF FULL
    待ち 11s: OSPF FULL
    待ち 22s: OSPF FULL
    待ち 32s: OSPF FULL
  [rec] P3h3 基線 OSPF FULL(area 1・両側 non-stub) (333 bytes)
  [rec] P3h3 stub 不一致(RT02 だけ area 1 stub・clear 後 75s) — RT01 show ip ospf neighbor (0 bytes)
  [rec] P3h3 stub 不一致 — RT02 show ip ospf neighbor (0 bytes)
  [rec] P3h3 [RT01] — RT01 show logging (5826 bytes)
  [rec] P3h3 [RT02] — RT02 show logging (5643 bytes)
  [rec] P3h3 対照: 両側 area 1 stub → FULL = 0.6042068004608154s (313 bytes)
