SSL Verification disabled
Could not find details in testbed for server terminal_server.
Could not find details in testbed for server terminal_server.
No details found in testbed for hostname terminal_server.
Could not find details in testbed for server terminal_server.
Could not find details in testbed for server terminal_server.
No details found in testbed for hostname terminal_server.
Could not find details in testbed for server terminal_server.
Could not find details in testbed for server terminal_server.
No details found in testbed for hostname terminal_server.
Could not find details in testbed for server terminal_server.
Could not find details in testbed for server terminal_server.
No details found in testbed for hostname terminal_server.
[i] ラボ POC-KB を新規作成
[i] link RT01 Ethernet0/0 <-> RT02 Ethernet0/0
[i] link RT02 Ethernet0/1 <-> RT03 Ethernet0/1
[i] link RT03 Ethernet0/0 <-> RT04 Ethernet0/0
[i] lab start...
    RT01: BOOTED
    RT02: BOOTED
    RT03: BOOTED
    RT04: BOOTED

===== P3a4 =====
    待ち 1s: OSPF FULL
    待ち 11s: OSPF FULL
    待ち 22s: OSPF FULL
    待ち 33s: OSPF FULL
  [rec] P3a4 基線 FULL (331 bytes)
  [rec] P3a4-1 小=RT02・ignore 小側だけ → FULL=True (313 bytes)
  [rec] P3a4-2 小=RT02・ignore 大側だけ → FULL=False (313 bytes)
  [rec] P3a4-3 小=RT01・ignore 小側だけ → FULL=True (313 bytes)
  [rec] P3a4-4 小=RT01・ignore 大側だけ → FULL=False (313 bytes)
  [rec] P3a4-5 小=RT02・ignore 両側 → FULL=True (313 bytes)
    待ち 1s: OSPF FULL
  [note] P3a4 まとめ: small=RT02 ignore=RT02(小): FULL / small=RT02 ignore=RT01(大): NOT FULL / small=RT01 ignore=RT01(小): FULL / small=RT01 ignore=RT02(大): NOT FULL / small=RT02 ignore=両側: FULL
