
======== R1-a SW01〜03 を rapid-pvst へ ========
### SW01: conf ['spanning-tree mode rapid-pvst']
Enter configuration commands, one per line.  End with CNTL/Z.
Warning: Changing STP mode can disrupt the traffic and make system unstable
Recommend to change STP mode only during maintenance window
### SW02: conf ['spanning-tree mode rapid-pvst']
Enter configuration commands, one per line.  End with CNTL/Z.
Warning: Changing STP mode can disrupt the traffic and make system unstable
Recommend to change STP mode only during maintenance window
### SW03: conf ['spanning-tree mode rapid-pvst']
Enter configuration commands, one per line.  End with CNTL/Z.
Warning: Changing STP mode can disrupt the traffic and make system unstable
Recommend to change STP mode only during maintenance window
### sleep 60

======== R1-a 60 秒後(rapid) ========
### 10:42:46 SW01: show spanning-tree summary | include mode
Switch is in rapid-pvst mode
### 10:42:46 SW01: show spanning-tree | include BLK|LRN|BKN|Peer|Bound
Et0/3               Desg FWD 100       128.4    P2p Peer(STP) 
### 10:42:46 SW01: show logging | count SPANTREE|EXCESS
Number of lines which match regexp = 26
### 10:42:46 SW02: show spanning-tree | include BLK|LRN|BKN|Peer|Bound
Et0/0               Altn BLK 100       128.1    P2p 
Et0/1               Altn BLK 100       128.2    P2p 
Et0/1               Altn BLK 100       128.2    P2p 
Et0/1               Altn BLK 100       128.2    P2p 
Et0/2               Desg LRN 100       128.3    P2p 
Et0/3               Desg LRN 100       128.4    P2p 
### 10:42:46 SW03: show spanning-tree | include BLK|LRN|BKN|Peer|Bound
Et0/0               Desg BLK 100       128.1    P2p Dispute 
Et0/1               Desg BLK 100       128.2    P2p Dispute 
Et0/0               Desg BLK 100       128.1    P2p Dispute 
### 10:42:47 SW04: show spanning-tree | include BLK|LRN|BKN|Peer|Bound
Et0/1               Altn BLK 2000000   128.2    P2p 
Et0/0               Root FWD 2000000   128.1    P2p Peer(STP) 
Et0/1               Altn BLK 2000000   128.2    P2p 
Et0/1               Desg BLK 2000000   128.2    P2p 
### sleep 60

======== R1-b SW01〜03 を mst へ ========
### SW01: conf ['spanning-tree mode mst']
Enter configuration commands, one per line.  End with CNTL/Z.
Warning: Changing STP mode can disrupt the traffic and make system unstable
Recommend to change STP mode only during maintenance window
### SW02: conf ['spanning-tree mode mst']
Enter configuration commands, one per line.  End with CNTL/Z.
Warning: Changing STP mode can disrupt the traffic and make system unstable
Recommend to change STP mode only during maintenance window
### SW03: conf ['spanning-tree mode mst']
Enter configuration commands, one per line.  End with CNTL/Z.
Warning: Changing STP mode can disrupt the traffic and make system unstable
Recommend to change STP mode only during maintenance window
### sleep 60

======== R1-b 60 秒後(mst) ========
### 10:44:47 SW01: show spanning-tree summary | include mode
Switch is in mst mode (IEEE Standard)
### 10:44:47 SW01: show spanning-tree | include BLK|LRN|BKN|Peer|Bound
Et0/3               Desg FWD 2000000   128.4    P2p Bound(PVST) 
Et0/3               Desg FWD 2000000   128.4    P2p Bound(PVST) 
Et0/0               Altn BLK 2000000   128.1    P2p 
Et0/3               Desg FWD 2000000   128.4    P2p Bound(PVST) 
### 10:44:47 SW01: show logging | count SPANTREE|EXCESS
Number of lines which match regexp = 30
### 10:44:47 SW02: show spanning-tree | include BLK|LRN|BKN|Peer|Bound
Et0/1               Altn BLK 2000000   128.2    P2p 
Et0/3               Desg FWD 2000000   128.4    P2p Bound(PVST) 
Et0/1               Altn BLK 2000000   128.2    P2p 
Et0/3               Desg FWD 2000000   128.4    P2p Bound(PVST) 
Et0/3               Desg FWD 2000000   128.4    P2p Bound(PVST) 
### 10:44:48 SW03: show spanning-tree | include BLK|LRN|BKN|Peer|Bound
Et0/1               Altn BLK 2000000   128.2    P2p 
Et0/1               Altn BLK 2000000   128.2    P2p 
Et0/0               Altn BLK 2000000   128.1    P2p 
### 10:44:48 SW04: show spanning-tree | include BLK|LRN|BKN|Peer|Bound
Et0/0               Root FWD 2000000   128.1    P2p Peer(STP) 
Et0/1               Altn BLK 2000000   128.2    P2p Peer(STP) 
Et0/0               Root FWD 2000000   128.1    P2p Peer(STP) 
Et0/1               Altn BLK 2000000   128.2    P2p Peer(STP) 
Et0/0               Root FWD 2000000   128.1    P2p Peer(STP) 
Et0/1               Altn BLK 2000000   128.2    P2p Peer(STP) 
### sleep 120

======== R1-b 3 分後(mst) ========
### 10:46:48 SW01: show spanning-tree summary | include mode
Switch is in mst mode (IEEE Standard)
### 10:46:48 SW01: show spanning-tree | include BLK|LRN|BKN|Peer|Bound
Et0/3               Desg FWD 2000000   128.4    P2p Bound(PVST) 
Et0/3               Desg FWD 2000000   128.4    P2p Bound(PVST) 
Et0/0               Altn BLK 2000000   128.1    P2p 
Et0/3               Desg FWD 2000000   128.4    P2p Bound(PVST) 
### 10:46:48 SW01: show logging | count SPANTREE|EXCESS
Number of lines which match regexp = 34
### 10:46:48 SW02: show spanning-tree | include BLK|LRN|BKN|Peer|Bound
Et0/1               Altn BLK 2000000   128.2    P2p 
Et0/3               Desg FWD 2000000   128.4    P2p Bound(PVST) 
Et0/1               Altn BLK 2000000   128.2    P2p 
Et0/3               Desg FWD 2000000   128.4    P2p Bound(PVST) 
Et0/3               Desg FWD 2000000   128.4    P2p Bound(PVST) 
### 10:46:48 SW03: show spanning-tree | include BLK|LRN|BKN|Peer|Bound
Et0/1               Altn BLK 2000000   128.2    P2p 
Et0/1               Altn BLK 2000000   128.2    P2p 
Et0/0               Altn BLK 2000000   128.1    P2p 
### 10:46:48 SW04: show spanning-tree | include BLK|LRN|BKN|Peer|Bound
Et0/0               Root FWD 2000000   128.1    P2p Peer(STP) 
Et0/1               Altn BLK 2000000   128.2    P2p Peer(STP) 
Et0/0               Root FWD 2000000   128.1    P2p Peer(STP) 
Et0/1               Altn BLK 2000000   128.2    P2p Peer(STP) 
Et0/0               Root FWD 2000000   128.1    P2p Peer(STP) 
Et0/1               Altn BLK 2000000   128.2    P2p Peer(STP) 

======== R2-a SW01〜03 を rapid-pvst へ ========
### SW01: conf ['spanning-tree mode rapid-pvst']
Enter configuration commands, one per line.  End with CNTL/Z.
Warning: Changing STP mode can disrupt the traffic and make system unstable
Recommend to change STP mode only during maintenance window
### SW02: conf ['spanning-tree mode rapid-pvst']
Enter configuration commands, one per line.  End with CNTL/Z.
Warning: Changing STP mode can disrupt the traffic and make system unstable
Recommend to change STP mode only during maintenance window
### SW03: conf ['spanning-tree mode rapid-pvst']
Enter configuration commands, one per line.  End with CNTL/Z.
Warning: Changing STP mode can disrupt the traffic and make system unstable
Recommend to change STP mode only during maintenance window
### sleep 60

======== R2-a 60 秒後(rapid) ========
### 10:47:49 SW01: show spanning-tree summary | include mode
Switch is in rapid-pvst mode
### 10:47:49 SW01: show spanning-tree | include BLK|LRN|BKN|Peer|Bound
Et0/3               Desg FWD 100       128.4    P2p Peer(STP) 
Et0/2               Desg BLK 100       128.3    P2p 
### 10:47:49 SW01: show logging | count SPANTREE|EXCESS
Number of lines which match regexp = 35
### 10:47:49 SW02: show spanning-tree | include BLK|LRN|BKN|Peer|Bound
Et0/0               Altn BLK 100       128.1    P2p 
Et0/1               Altn BLK 100       128.2    P2p 
Et0/0               Altn BLK 100       128.1    P2p 
Et0/1               Altn BLK 100       128.2    P2p 
Et0/3               Desg FWD 100       128.4    P2p Peer(STP) 
Et0/1               Desg BLK 100       128.2    P2p 
Et0/2               Desg BLK 100       128.3    P2p 
Et0/3               Desg BLK 100       128.4    P2p Peer(STP) 
### 10:47:49 SW03: show spanning-tree | include BLK|LRN|BKN|Peer|Bound
Et0/0               Desg BLK 100       128.1    P2p Dispute 
### 10:47:49 SW04: show spanning-tree | include BLK|LRN|BKN|Peer|Bound
Et0/1               Altn BLK 2000000   128.2    P2p 
Et1/0               Desg BLK 2000000   128.5    P2p 
Et1/2               Desg BLK 2000000   128.7    P2p 
Et0/0               Root FWD 2000000   128.1    P2p Peer(STP) 
Et0/1               Altn BLK 2000000   128.2    P2p Peer(STP) 
Et0/1               Altn BLK 2000000   128.2    P2p Peer(STP) 
Et1/3               Desg BLK 2000000   128.8    P2p 
### sleep 60

======== R2-b SW01〜03 を mst へ ========
### SW01: conf ['spanning-tree mode mst']
Enter configuration commands, one per line.  End with CNTL/Z.
Warning: Changing STP mode can disrupt the traffic and make system unstable
Recommend to change STP mode only during maintenance window
### SW02: conf ['spanning-tree mode mst']
Enter configuration commands, one per line.  End with CNTL/Z.
Warning: Changing STP mode can disrupt the traffic and make system unstable
Recommend to change STP mode only during maintenance window
### SW03: conf ['spanning-tree mode mst']
Enter configuration commands, one per line.  End with CNTL/Z.
Warning: Changing STP mode can disrupt the traffic and make system unstable
Recommend to change STP mode only during maintenance window
### sleep 60

======== R2-b 60 秒後(mst) ========
### 10:49:50 SW01: show spanning-tree summary | include mode
Switch is in mst mode (IEEE Standard)
### 10:49:50 SW01: show spanning-tree | include BLK|LRN|BKN|Peer|Bound
Et0/3               Desg FWD 2000000   128.4    P2p Bound(PVST) 
Et0/3               Desg FWD 2000000   128.4    P2p Bound(PVST) 
Et0/0               Altn BLK 2000000   128.1    P2p 
Et0/3               Desg FWD 2000000   128.4    P2p Bound(PVST) 
### 10:49:50 SW01: show logging | count SPANTREE|EXCESS
Number of lines which match regexp = 39
### 10:49:50 SW02: show spanning-tree | include BLK|LRN|BKN|Peer|Bound
Et0/1               Altn BLK 2000000   128.2    P2p 
Et0/3               Desg FWD 2000000   128.4    P2p Bound(PVST) 
Et0/1               Altn BLK 2000000   128.2    P2p 
Et0/3               Desg FWD 2000000   128.4    P2p Bound(PVST) 
Et0/3               Desg FWD 2000000   128.4    P2p Bound(PVST) 
### 10:49:50 SW03: show spanning-tree | include BLK|LRN|BKN|Peer|Bound
Et0/1               Altn BLK 2000000   128.2    P2p 
Et0/1               Altn BLK 2000000   128.2    P2p 
Et0/0               Altn BLK 2000000   128.1    P2p 
### 10:49:50 SW04: show spanning-tree | include BLK|LRN|BKN|Peer|Bound
Et0/0               Root FWD 2000000   128.1    P2p Peer(STP) 
Et0/1               Altn BLK 2000000   128.2    P2p Peer(STP) 
Et0/0               Root FWD 2000000   128.1    P2p Peer(STP) 
Et0/1               Altn BLK 2000000   128.2    P2p Peer(STP) 
Et0/0               Root FWD 2000000   128.1    P2p Peer(STP) 
Et0/1               Altn BLK 2000000   128.2    P2p Peer(STP) 
### sleep 120

======== R2-b 3 分後(mst) ========
### 10:51:50 SW01: show spanning-tree summary | include mode
Switch is in mst mode (IEEE Standard)
### 10:51:50 SW01: show spanning-tree | include BLK|LRN|BKN|Peer|Bound
Et0/3               Desg FWD 2000000   128.4    P2p Bound(PVST) 
Et0/3               Desg FWD 2000000   128.4    P2p Bound(PVST) 
Et0/0               Altn BLK 2000000   128.1    P2p 
Et0/3               Desg FWD 2000000   128.4    P2p Bound(PVST) 
### 10:51:50 SW01: show logging | count SPANTREE|EXCESS
Number of lines which match regexp = 42
### 10:51:50 SW02: show spanning-tree | include BLK|LRN|BKN|Peer|Bound
Et0/1               Altn BLK 2000000   128.2    P2p 
Et0/3               Desg FWD 2000000   128.4    P2p Bound(PVST) 
Et0/1               Altn BLK 2000000   128.2    P2p 
Et0/3               Desg FWD 2000000   128.4    P2p Bound(PVST) 
Et0/3               Desg FWD 2000000   128.4    P2p Bound(PVST) 
### 10:51:50 SW03: show spanning-tree | include BLK|LRN|BKN|Peer|Bound
Et0/1               Altn BLK 2000000   128.2    P2p 
Et0/1               Altn BLK 2000000   128.2    P2p 
Et0/0               Altn BLK 2000000   128.1    P2p 
### 10:51:50 SW04: show spanning-tree | include BLK|LRN|BKN|Peer|Bound
Et0/0               Root FWD 2000000   128.1    P2p Peer(STP) 
Et0/1               Altn BLK 2000000   128.2    P2p Peer(STP) 
Et0/0               Root FWD 2000000   128.1    P2p Peer(STP) 
Et0/1               Altn BLK 2000000   128.2    P2p Peer(STP) 
Et0/0               Root FWD 2000000   128.1    P2p Peer(STP) 
Et0/1               Altn BLK 2000000   128.2    P2p Peer(STP) 
