
======== M7/M17 SW02 Et0/2 に portfast trunk + global portfast bpdufilter default ========
### SW02: conf ['spanning-tree portfast bpdufilter default', 'interface Ethernet0/2', 'spanning-tree portfast trunk', 'shutdown']
Enter configuration commands, one per line.  End with CNTL/Z.
%Warning: portfast should only be enabled on ports connected to a single
 host. Connecting hubs, concentrators, switches, bridges, etc... to this
 interface  when portfast is enabled, can cause temporary bridging loops.
 Use with CAUTION
### SW02: conf ['interface Ethernet0/2', 'no shutdown']
Enter configuration commands, one per line.  End with CNTL/Z.
### sleep 1
### 05:12:31 SW02: show spanning-tree interface Ethernet0/2 detail | include VLAN0010|portfast|filter|BPDU:|edge|Edge

### 05:12:31 SW02: show spanning-tree vlan 10 | include Et0/2

### sleep 3
### 05:12:34 SW02: show spanning-tree interface Ethernet0/2 detail | include VLAN0010|portfast|filter|BPDU:|edge|Edge
 Port 3 (Ethernet0/2) of VLAN0010 is designated forwarding 
   The port is in the portfast mode by portfast trunk configuration
   Bpdu filter is enabled by default
   BPDU: sent 1, received 0
   The port is in the portfast mode by portfast trunk configuration
   Bpdu filter is enabled by default
   BPDU: sent 1, received 0
   The port is in the portfast mode by portfast trunk configuration
   Bpdu filter is enabled by default
   BPDU: sent 1, received 0
   The port is in the portfast mode by portfast trunk configuration
   BPDU: sent 2, received 1
   The port is in the portfast mode by portfast trunk configuration
   Bpdu filter is enabled by default
   BPDU: sent 1, received 0
   The port is in the portfast mode by portfast trunk configuration
   Bpdu filter is enabled by default
   BPDU: sent 1, received 0
   The port is in the portfast mode by portfast trunk configuration
   BPDU: sent 2, received 1
   The port is in the portfast mode by portfast trunk configuration
   Bpdu filter is enabled by default
   BPDU: sent 1, received 0
   The port is in the portfast mode by portfast trunk configuration
   Bpdu filter is enabled by default
   BPDU: sent 1, received 0
   The port is in the portfast mode by portfast trunk configuration
   Bpdu filter is enabled by default
   BPDU: sent 1, received 0
### 05:12:34 SW02: show spanning-tree vlan 10 | include Et0/2
Et0/2               Desg FWD 100       128.3    P2p Edge 
### sleep 6
### 05:12:40 SW02: show spanning-tree interface Ethernet0/2 detail | include VLAN0010|portfast|filter|BPDU:|edge|Edge
 Port 3 (Ethernet0/2) of VLAN0010 is designated forwarding 
   The port is in the portfast mode by portfast trunk configuration
   Bpdu filter is enabled by default
   BPDU: sent 4, received 0
   The port is in the portfast mode by portfast trunk configuration
   Bpdu filter is enabled by default
   BPDU: sent 4, received 0
   The port is in the portfast mode by portfast trunk configuration
   BPDU: sent 3, received 4
   The port is in the portfast mode by portfast trunk configuration
   BPDU: sent 4, received 4
   The port is in the portfast mode by portfast trunk configuration
   Bpdu filter is enabled by default
   BPDU: sent 4, received 0
   The port is in the portfast mode by portfast trunk configuration
   Bpdu filter is enabled by default
   BPDU: sent 4, received 0
   The port is in the portfast mode by portfast trunk configuration
   BPDU: sent 4, received 4
   The port is in the portfast mode by portfast trunk configuration
   Bpdu filter is enabled by default
   BPDU: sent 4, received 0
   The port is in the portfast mode by portfast trunk configuration
   Bpdu filter is enabled by default
   BPDU: sent 4, received 0
   The port is in the portfast mode by portfast trunk configuration
   Bpdu filter is enabled by default
   BPDU: sent 4, received 0
### 05:12:41 SW02: show spanning-tree vlan 10 | include Et0/2
Et0/2               Desg FWD 100       128.3    P2p Edge 
### sleep 15
### 05:12:56 SW02: show spanning-tree interface Ethernet0/2 detail | include VLAN0010|portfast|filter|BPDU:|edge|Edge
 Port 3 (Ethernet0/2) of VLAN0010 is designated forwarding 
   The port is in the portfast mode by portfast trunk configuration
   Bpdu filter is enabled by default
   BPDU: sent 11, received 0
   The port is in the portfast mode by portfast trunk configuration
   Bpdu filter is enabled by default
   BPDU: sent 11, received 0
   The port is in the portfast mode by portfast trunk configuration
   BPDU: sent 3, received 11
   The port is in the portfast mode by portfast trunk configuration
   BPDU: sent 4, received 12
   The port is in the portfast mode by portfast trunk configuration
   Bpdu filter is enabled by default
   BPDU: sent 11, received 0
   The port is in the portfast mode by portfast trunk configuration
   Bpdu filter is enabled by default
   BPDU: sent 11, received 0
   The port is in the portfast mode by portfast trunk configuration
   BPDU: sent 4, received 12
   The port is in the portfast mode by portfast trunk configuration
   Bpdu filter is enabled by default
   BPDU: sent 11, received 0
   The port is in the portfast mode by portfast trunk configuration
   Bpdu filter is enabled by default
   BPDU: sent 11, received 0
   The port is in the portfast mode by portfast trunk configuration
   Bpdu filter is enabled by default
   BPDU: sent 11, received 0
### 05:12:56 SW02: show spanning-tree vlan 10 | include Et0/2
Et0/2               Desg FWD 100       128.3    P2p Edge 
### 05:12:56 SW02: show spanning-tree summary | include Portfast|PortFast|Filter
Portfast Default                        is disabled
PortFast BPDU Guard Default            is disabled
Portfast BPDU Filter Default           is enabled
### 05:12:56 SW02: show spanning-tree interface Ethernet0/2 portfast
VLAN0010            enabled
VLAN0020            enabled
VLAN0030            enabled
VLAN0031            enabled
VLAN0032            enabled
VLAN0033            enabled
VLAN0034            enabled
VLAN0035            enabled
VLAN0036            enabled
VLAN0037            enabled

======== M17b portfast を端末相当(SW03 側で STP を止めない)で Edge 表示: SW01 Et0/2(未接続 access)に portfast ========
### SW01: conf ['interface Ethernet0/2', 'switchport mode access', 'switchport access vlan 10', 'spanning-tree portfast']
Enter configuration commands, one per line.  End with CNTL/Z.
%Warning: portfast should only be enabled on ports connected to a single
 host. Connecting hubs, concentrators, switches, bridges, etc... to this
 interface  when portfast is enabled, can cause temporary bridging loops.
 Use with CAUTION

%Portfast has been configured on Ethernet0/2 but will only
 have effect when the interface is in a non-trunking mode.
### 05:13:02 SW01: show spanning-tree vlan 10 | include Et0
Et0/0               Desg FWD 100       128.1    P2p 
Et0/1               Desg FWD 100       128.2    P2p 
Et0/2               Desg BLK 100       128.3    P2p Edge 
### SW01: conf ['spanning-tree portfast default']
Enter configuration commands, one per line.  End with CNTL/Z.
%Warning: this command enables portfast by default on all interfaces. You
 should now disable portfast explicitly on switched ports leading to hubs,
 switches and bridges as they may create temporary bridging loops.
### 05:13:02 SW01: show spanning-tree summary | include Portfast|PortFast
Portfast Default                        is enabled
PortFast BPDU Guard Default            is disabled
Portfast BPDU Filter Default           is disabled
### SW01: conf ['no spanning-tree portfast default', 'interface Ethernet0/2', 'no spanning-tree portfast', 'switchport access vlan 1']
Enter configuration commands, one per line.  End with CNTL/Z.
### SW02: conf ['no spanning-tree portfast bpdufilter default', 'interface Ethernet0/2', 'no spanning-tree portfast trunk']
Enter configuration commands, one per line.  End with CNTL/Z.

======== M11 UDLD の有無と表示 ========
### SW02: conf ['udld enable', 'interface Ethernet0/1', 'udld port aggressive']
Enter configuration commands, one per line.  End with CNTL/Z.
### SW03: conf ['interface Ethernet0/1', 'udld port aggressive']
Enter configuration commands, one per line.  End with CNTL/Z.
### 05:13:26 SW02: show udld Ethernet0/1
Interface Et0/1
---
Port enable administrative configuration setting: Enabled / in aggressive mode
Port enable operational state: Enabled / in aggressive mode
Current bidirectional state: Bidirectional
Current operational state: Advertisement - Single neighbor detected
Message interval: 7000 ms
Time out interval: 5000 ms

Port fast-hello configuration setting: Disabled
Port fast-hello interval: 0 ms
Port fast-hello operational state: Disabled
Neighbor fast-hello configuration setting: Disabled
Neighbor fast-hello interval: Unknown


    Entry 1
    ---
    Expiration time: 43900 ms
    Cache Device index: 1
    Current neighbor state: Bidirectional
    Device ID: 131185218  
    Port ID: Et0/1  
    Neighbor echo 1 device: 131185217
    Neighbor echo 1 port: Et0/1

    TLV Message interval: 15 sec
    No TLV fast-hello interval
    TLV Time out interval: 5
    TLV CDP Device name: SW03.ccnp.local  
### 05:13:26 SW02: show udld neighbors
Port           Device Name     Device ID    Port ID         Neighbor State
----           -----------     ---------    -------         --------------
Et0/1          131185218       1            Et0/1           Bidirectional  

Total number of bidirectional entries displayed: 1
### 05:13:26 SW02: show running-config | include udld
udld enable
 udld port aggressive

======== M11b normal モード: SW03 側 normal に ========
### SW03: conf ['interface Ethernet0/1', 'no udld port aggressive', 'udld port']
Enter configuration commands, one per line.  End with CNTL/Z.
### 05:13:46 SW03: show udld Ethernet0/1
Interface Et0/1
---
Port enable administrative configuration setting: Enabled
Port enable operational state: Enabled
Current bidirectional state: Bidirectional
Current operational state: Advertisement - Single neighbor detected
Message interval: 7000 ms
Time out interval: 5000 ms

Port fast-hello configuration setting: Disabled
Port fast-hello interval: 0 ms
Port fast-hello operational state: Disabled
Neighbor fast-hello configuration setting: Disabled
Neighbor fast-hello interval: Unknown


    Entry 1
    ---
    Expiration time: 43800 ms
    Cache Device index: 1
    Current neighbor state: Bidirectional
    Device ID: 131185217  
    Port ID: Et0/1  
    Neighbor echo 1 device: 131185218
    Neighbor echo 1 port: Et0/1

    TLV Message interval: 15 sec
    No TLV fast-hello interval
    TLV Time out interval: 5
    TLV CDP Device name: SW02.ccnp.local  

======== M14 SW03 を pvst に → SW01 の Type 列 ========
### SW03: conf ['spanning-tree mode pvst']
Enter configuration commands, one per line.  End with CNTL/Z.
Warning: Changing STP mode can disrupt the traffic and make system unstable
Recommend to change STP mode only during maintenance window
### 05:14:26 SW03: show spanning-tree vlan 10
VLAN0010
  Spanning tree enabled protocol ieee
  Root ID    Priority    4106
             Address     aabb.cc02.4000
             Cost        100
             Port        1 (Ethernet0/0)
             Hello Time   2 sec  Max Age 20 sec  Forward Delay 15 sec

  Bridge ID  Priority    32778  (priority 32768 sys-id-ext 10)
             Address     aabb.cc02.4200
             Hello Time   2 sec  Max Age 20 sec  Forward Delay 15 sec
             Aging Time  300 sec

Interface           Role Sts Cost      Prio.Nbr Type
------------------- ---- --- --------- -------- --------------------------------
Et0/0               Root FWD 100       128.1    P2p 
Et0/1               Altn BLK 100       128.2    P2p 
Et0/2               Altn BLK 100       128.3    P2p 
### 05:14:26 SW01: show spanning-tree vlan 10
VLAN0010
  Spanning tree enabled protocol rstp
  Root ID    Priority    4106
             Address     aabb.cc02.4000
             This bridge is the root
             Hello Time   2 sec  Max Age 20 sec  Forward Delay 15 sec

  Bridge ID  Priority    4106   (priority 4096 sys-id-ext 10)
             Address     aabb.cc02.4000
             Hello Time   2 sec  Max Age 20 sec  Forward Delay 15 sec
             Aging Time  300 sec

Interface           Role Sts Cost      Prio.Nbr Type
------------------- ---- --- --------- -------- --------------------------------
Et0/0               Desg FWD 100       128.1    P2p 
Et0/1               Desg FWD 100       128.2    P2p Peer(STP) 
### 05:14:26 SW01: show spanning-tree interface Ethernet0/1 detail | include VLAN0010|STP|RSTP|BPDU
 Port 2 (Ethernet0/1) of VLAN0010 is designated forwarding 
   Link type is point-to-point by default, Peer is STP
   BPDU: sent 402, received 26
   Link type is point-to-point by default, Peer is STP
   BPDU: sent 374, received 77
   Link type is point-to-point by default, Peer is STP
   BPDU: sent 288, received 39
   Link type is point-to-point by default, Peer is STP
   BPDU: sent 29, received 290
   Link type is point-to-point by default, Peer is STP
   BPDU: sent 309, received 8
   Link type is point-to-point by default, Peer is STP
   BPDU: sent 309, received 9
   Link type is point-to-point by default, Peer is STP
   BPDU: sent 42, received 286
   Link type is point-to-point by default, Peer is STP
   BPDU: sent 309, received 9
   Link type is point-to-point by default, Peer is STP
   BPDU: sent 286, received 98
   Link type is point-to-point by default, Peer is STP
   BPDU: sent 314, received 35

======== M14b SW03 を rapid-pvst に戻す → SW01 は Peer(STP) のままか ========
### SW03: conf ['spanning-tree mode rapid-pvst']
Enter configuration commands, one per line.  End with CNTL/Z.
Warning: Changing STP mode can disrupt the traffic and make system unstable
Recommend to change STP mode only during maintenance window
### 05:14:42 SW01: show spanning-tree vlan 10 | include Et0
Et0/0               Desg FWD 100       128.1    P2p 
Et0/1               Desg FWD 100       128.2    P2p 
### 05:14:47 SW01: clear spanning-tree detected-protocols

### 05:14:47 SW01: show spanning-tree vlan 10 | include Et0
Et0/0               Desg FWD 100       128.1    P2p 
Et0/1               Desg FWD 100       128.2    P2p 

======== M15 SW03 を MST(region R1・instance 1 vlan 10,20)に。SW01/SW02 は rapid-pvst ========
### SW03: conf ['spanning-tree mst configuration', 'name R1', 'revision 1', 'instance 1 vlan 10,20', 'exit', 'spanning-tree mode mst']
Enter configuration commands, one per line.  End with CNTL/Z.
Warning: Changing STP mode can disrupt the traffic and make system unstable
Recommend to change STP mode only during maintenance window
### 05:15:27 SW03: show spanning-tree mst
##### MST0    vlans mapped:   1-9,11-19,21-4094
Bridge        address aabb.cc02.4200  priority      32768 (32768 sysid 0)
Root          this switch for the CIST
Operational   hello time 2 , forward delay 15, max age 20, txholdcount 6 
Configured    hello time 2 , forward delay 15, max age 20, max hops    20

Interface                        Role Sts Cost      Prio.Nbr Type
----------------                 ---- --- --------- -------- --------------------------------
Et0/0                            Desg BKN*2000000   128.1    P2p Bound(PVST) *PVST_Inc 
Et0/1                            Desg BKN*2000000   128.2    P2p Bound(PVST) *PVST_Inc 
Et0/2                            Desg BKN*2000000   128.3    P2p Bound(PVST) *PVST_Inc 
Et0/3                            Desg FWD 2000000   128.4    P2p 
Et1/0                            Desg FWD 2000000   128.5    P2p 
Et1/1                            Desg FWD 2000000   128.6    P2p 
Et1/2                            Desg FWD 2000000   128.7    P2p 
Et1/3                            Desg FWD 2000000   128.8    P2p 
Et2/0                            Desg FWD 2000000   128.9    P2p 
Et2/1                            Desg FWD 2000000   128.10   P2p 
Et2/2                            Desg FWD 2000000   128.11   P2p 
Et2/3                            Desg FWD 2000000   128.12   P2p 
Et3/0                            Desg FWD 2000000   128.13   P2p 
Et3/1                            Desg FWD 2000000   128.14   P2p 
Et3/2                            Desg FWD 2000000   128.15   P2p 
Et3/3                            Desg FWD 2000000   128.16   P2p 

##### MST1    vlans mapped:   10,20
Bridge        address aabb.cc02.4200  priority      32769 (32768 sysid 1)
Root          this switch for MST1

Interface                        Role Sts Cost      Prio.Nbr Type
----------------                 ---- --- --------- -------- --------------------------------
Et0/0                            Desg BKN*2000000   128.1    P2p Bound(PVST) *PVST_Inc 
Et0/1                            Desg BKN*2000000   128.2    P2p Bound(PVST) *PVST_Inc 
Et0/2                            Desg BKN*2000000   128.3    P2p Bound(PVST) *PVST_Inc 
### 05:15:27 SW03: show spanning-tree summary | include mode|PVST|Simulation
Switch is in mst mode (IEEE Standard)
### 05:15:28 SW03: show spanning-tree inconsistentports
Name                 Interface                      Inconsistency
-------------------- ------------------------------ ------------------
MST0                 Ethernet0/0                    PVST Sim. Inconsistent
MST0                 Ethernet0/1                    PVST Sim. Inconsistent
MST0                 Ethernet0/2                    PVST Sim. Inconsistent
MST1                 Ethernet0/0                    PVST Sim. Inconsistent
MST1                 Ethernet0/1                    PVST Sim. Inconsistent
MST1                 Ethernet0/2                    PVST Sim. Inconsistent

Number of inconsistent ports (segments) in the system : 6
### 05:15:28 SW03: show spanning-tree mst configuration
Name      [R1]
Revision  1     Instances configured 2

Instance  Vlans mapped
--------  ---------------------------------------------------------------------
0         1-9,11-19,21-4094
1         10,20
-------------------------------------------------------------------------------
### 05:15:28 SW01: show spanning-tree vlan 10 | include Et0
Et0/0               Desg FWD 100       128.1    P2p 
Et0/1               Desg FWD 100       128.2    P2p Peer(STP) 
### 05:15:28 SW01: show spanning-tree vlan 1 | include Et0|Root ID|Address
  Root ID    Priority    32769
             Address     aabb.cc02.4000
             Address     aabb.cc02.4000
Et0/2               Desg FWD 100       128.3    P2p 
Et0/3               Desg FWD 100       128.4    P2p 

======== M15b PVST 側 VLAN1 root を MST 側より劣位に(SW01/SW02 vlan1 priority 61440) ========
### SW01: conf ['spanning-tree vlan 1 priority 61440']
Enter configuration commands, one per line.  End with CNTL/Z.
### SW02: conf ['spanning-tree vlan 1 priority 61440']
Enter configuration commands, one per line.  End with CNTL/Z.
### 05:15:48 SW03: show spanning-tree inconsistentports
Name                 Interface                      Inconsistency
-------------------- ------------------------------ ------------------
MST0                 Ethernet0/0                    PVST Sim. Inconsistent
MST0                 Ethernet0/1                    PVST Sim. Inconsistent
MST0                 Ethernet0/2                    PVST Sim. Inconsistent
MST1                 Ethernet0/0                    PVST Sim. Inconsistent
MST1                 Ethernet0/1                    PVST Sim. Inconsistent
MST1                 Ethernet0/2                    PVST Sim. Inconsistent

Number of inconsistent ports (segments) in the system : 6
### 05:15:48 SW03: show spanning-tree mst 0 | include Et0|Root|root
Root          this switch for the CIST
Et0/0                            Desg BKN*2000000   128.1    P2p Bound(PVST) *PVST_Inc 
Et0/1                            Desg BKN*2000000   128.2    P2p Bound(PVST) *PVST_Inc 
Et0/2                            Desg BKN*2000000   128.3    P2p Bound(PVST) *PVST_Inc 
Et0/3                            Desg FWD 2000000   128.4    P2p 
### SW01: conf ['no spanning-tree vlan 1 priority']
Enter configuration commands, one per line.  End with CNTL/Z.
### SW02: conf ['no spanning-tree vlan 1 priority']
Enter configuration commands, one per line.  End with CNTL/Z.
### SW03: conf ['spanning-tree mode rapid-pvst']
Enter configuration commands, one per line.  End with CNTL/Z.
Warning: Changing STP mode can disrupt the traffic and make system unstable
Recommend to change STP mode only during maintenance window
### 05:16:29 SW03: show spanning-tree summary | include mode
Switch is in rapid-pvst mode
### 05:16:29 SW03: show spanning-tree vlan 10 | include Et0
Et0/0               Root FWD 100       128.1    P2p 
Et0/1               Altn BLK 100       128.2    P2p 
Et0/2               Altn BLK 100       128.3    P2p Peer(STP) 

======== M13 RSTP 切替時間: SW03 VLAN10 RP=Et0/0(対 SW01)。対向 SW01 Et0/1 を shut ========
### 05:16:29 SW03: show spanning-tree vlan 10 | include Et0
Et0/0               Root FWD 100       128.1    P2p 
Et0/1               Altn BLK 100       128.2    P2p 
Et0/2               Altn BLK 100       128.3    P2p Peer(STP) 
### SW01: conf ['interface Ethernet0/1', 'shutdown']
Enter configuration commands, one per line.  End with CNTL/Z.
### 05:16:29 SW03: show spanning-tree vlan 10 | include Et0/0|Et0/1
Et0/0               Root FWD 100       128.1    P2p 
Et0/1               Altn BLK 100       128.2    P2p 
### sleep 1
### 05:16:30 SW03: show spanning-tree vlan 10 | include Et0/0|Et0/1
Et0/0               Root FWD 100       128.1    P2p 
Et0/1               Altn BLK 100       128.2    P2p 
### sleep 1
### 05:16:31 SW03: show spanning-tree vlan 10 | include Et0/0|Et0/1
Et0/0               Root FWD 100       128.1    P2p 
Et0/1               Altn BLK 100       128.2    P2p 
### sleep 1
### 05:16:33 SW03: show spanning-tree vlan 10 | include Et0/0|Et0/1
Et0/0               Root FWD 100       128.1    P2p 
Et0/1               Altn BLK 100       128.2    P2p 
### sleep 1
### 05:16:34 SW03: show spanning-tree vlan 10 | include Et0/0|Et0/1
Et0/0               Desg BLK 100       128.1    P2p 
Et0/1               Root FWD 100       128.2    P2p 
### sleep 1
### 05:16:35 SW03: show spanning-tree vlan 10 | include Et0/0|Et0/1
Et0/0               Desg BLK 100       128.1    P2p 
Et0/1               Root FWD 100       128.2    P2p 
### sleep 1
### 05:16:36 SW03: show spanning-tree vlan 10 | include Et0/0|Et0/1
Et0/0               Desg BLK 100       128.1    P2p 
Et0/1               Root FWD 100       128.2    P2p 
### sleep 1
### 05:16:37 SW03: show spanning-tree vlan 10 | include Et0/0|Et0/1
Et0/0               Desg BLK 100       128.1    P2p 
Et0/1               Root FWD 100       128.2    P2p 
### sleep 1
### 05:16:38 SW03: show spanning-tree vlan 10 | include Et0/0|Et0/1
Et0/0               Desg BLK 100       128.1    P2p 
Et0/1               Root FWD 100       128.2    P2p 
### sleep 1
### 05:16:39 SW03: show spanning-tree vlan 10 | include Et0/0|Et0/1
Et0/0               Desg BLK 100       128.1    P2p 
Et0/1               Root FWD 100       128.2    P2p 
### sleep 1
### 05:16:40 SW03: show interfaces Ethernet0/0 | include line protocol
Ethernet0/0 is up, line protocol is up (connected) 
### 05:16:40 SW03: show logging | include Et0/0|Ethernet0/0
*Sep 22 05:14:49.470: %SPANTREE-2-PVSTSIM_FAIL: Blocking designated port Et0/0: Inconsitent superior PVST BPDU received on VLAN 31, claiming root 16415:aabb.cc02.4000
### SW01: conf ['interface Ethernet0/1', 'no shutdown']
Enter configuration commands, one per line.  End with CNTL/Z.
### 05:16:50 SW03: show spanning-tree vlan 10 | include Et0
Et0/0               Root FWD 100       128.1    P2p 
Et0/1               Altn BLK 100       128.2    P2p 
Et0/2               Altn BLK 100       128.3    P2p Peer(STP) 

======== M13b 自側 SW03 Et0/0 を shut ========
### SW03: conf ['interface Ethernet0/0', 'shutdown']
Enter configuration commands, one per line.  End with CNTL/Z.
### 05:16:51 SW03: show spanning-tree vlan 10 | include Et0
Et0/1               Root FWD 100       128.2    P2p 
Et0/2               Altn BLK 100       128.3    P2p Peer(STP) 
### sleep 1
### 05:16:52 SW03: show spanning-tree vlan 10 | include Et0
Et0/1               Root FWD 100       128.2    P2p 
Et0/2               Altn BLK 100       128.3    P2p Peer(STP) 
### SW03: conf ['interface Ethernet0/0', 'no shutdown']
Enter configuration commands, one per line.  End with CNTL/Z.
### 05:17:02 SW03: show spanning-tree vlan 10 | include Et0
Et0/0               Root FWD 100       128.1    P2p 
Et0/1               Altn BLK 100       128.2    P2p 
Et0/2               Altn BLK 100       128.3    P2p Peer(STP) 
