SSL Verification disabled
Could not find details in testbed for server terminal_server.
Could not find details in testbed for server terminal_server.
No details found in testbed for hostname terminal_server.
Could not find details in testbed for server terminal_server.
Could not find details in testbed for server terminal_server.
No details found in testbed for hostname terminal_server.
Could not find details in testbed for server terminal_server.
Could not find details in testbed for server terminal_server.
No details found in testbed for hostname terminal_server.
Could not find details in testbed for server terminal_server.
Could not find details in testbed for server terminal_server.
No details found in testbed for hostname terminal_server.
  [rec] P8-0 SWB RA guard + device-tracking (399 bytes)
  [rec] P8-0 RT02 受信カウンタ ACL (291 bytes)
    待ち 0s: CLB に 2001:DB8:33:B:: GUA
  [rec] P8-0 CLB show ipv6 interface brief (GUA after 15.639678716659546s) (100 bytes)
  [rec] P8-0 CLB show ipv6 routers (338 bytes)
  [rec] P8-0 CLB 範囲外アドレス追加(Et0/0=98::1 / Lo0=99::1) (124 bytes)
  [rec] P8-0 SWB show device-tracking database (1647 bytes)
  [rec] P8-0 SWB show device-tracking database details (2944 bytes)
  [rec] P8-0 SWB show device-tracking policies (368 bytes)
  [rec] P8-0 ガード無し (a) CLB 既定送信元(SLAAC GUA)→GW — CLB# ping 2001:DB8:33:B::1 repeat 5 → 100% (182 bytes)
  [rec] P8-0 ガード無し (b) CLB 送信元 2001:DB8:98::1(Et0/0 追加・表に載る・範囲外)→GW — CLB# ping 2001:DB8:33:B::1 repeat 5 source 2001:DB8:98::1 → 0% (198 bytes)
  [rec] P8-0 ガード無し (c) CLB 送信元 2001:DB8:99::1(Lo0・表に無い・範囲外)→GW — CLB# ping 2001:DB8:33:B::1 repeat 5 source 2001:DB8:99::1 → 0% (198 bytes)
  [rec] P8-0 ガード無し RT02 show ipv6 access-list CNT (受信カウンタ: 10=98::/64 20=99::/64 30=33:B::/64) (304 bytes)
  [note] P8-0 ガード無し ping 成功率 a=100% b=0% c=0%
  [rec] P8-1 SWB source-guard SG(既定) → Et0/1 (105 bytes)
  [rec] P8-1 SWB show ipv6 source-guard policy SG (257 bytes)
  [rec] P8-1 SWB show device-tracking policies (441 bytes)
  [rec] P8-1 source-guard(address) (a) CLB 既定送信元(SLAAC GUA)→GW — CLB# ping 2001:DB8:33:B::1 repeat 5 → 100% (182 bytes)
  [rec] P8-1 source-guard(address) (b) CLB 送信元 2001:DB8:98::1(Et0/0 追加・表に載る・範囲外)→GW — CLB# ping 2001:DB8:33:B::1 repeat 5 source 2001:DB8:98::1 → 0% (198 bytes)
  [rec] P8-1 source-guard(address) (c) CLB 送信元 2001:DB8:99::1(Lo0・表に無い・範囲外)→GW — CLB# ping 2001:DB8:33:B::1 repeat 5 source 2001:DB8:99::1 → 0% (198 bytes)
  [rec] P8-1 source-guard(address) RT02 show ipv6 access-list CNT (受信カウンタ: 10=98::/64 20=99::/64 30=33:B::/64) (292 bytes)
  [note] P8-1 source-guard(address) ping 成功率 a=100% b=0% c=0%
  [rec] P8-1 SWB show device-tracking counters interface Ethernet0/1 (1025 bytes)
  [rec] P8-1 SWB show device-tracking database (1647 bytes)
  [rec] P8-1 SWB — SWB show logging (0 bytes)
  [rec] P8-2 SWB PG(validate prefix) → Et0/1 (186 bytes)
  [rec] P8-2 SWB show ipv6 source-guard policy PG (276 bytes)
  [rec] P8-2 SWB show run | section source-guard (111 bytes)
  [rec] P8-2 prefix-guard(validate prefix) (a) CLB 既定送信元(SLAAC GUA)→GW — CLB# ping 2001:DB8:33:B::1 repeat 5 → 100% (182 bytes)
  [rec] P8-2 prefix-guard(validate prefix) (b) CLB 送信元 2001:DB8:98::1(Et0/0 追加・表に載る・範囲外)→GW — CLB# ping 2001:DB8:33:B::1 repeat 5 source 2001:DB8:98::1 → 0% (198 bytes)
  [rec] P8-2 prefix-guard(validate prefix) (c) CLB 送信元 2001:DB8:99::1(Lo0・表に無い・範囲外)→GW — CLB# ping 2001:DB8:33:B::1 repeat 5 source 2001:DB8:99::1 → 0% (198 bytes)
  [rec] P8-2 prefix-guard(validate prefix) RT02 show ipv6 access-list CNT (受信カウンタ: 10=98::/64 20=99::/64 30=33:B::/64) (294 bytes)
  [note] P8-2 prefix-guard(validate prefix) ping 成功率 a=100% b=0% c=0%
  [rec] P8-2 SWB show device-tracking counters interface Ethernet0/1 (1028 bytes)
  [rec] P8-2 SWB show device-tracking database (1647 bytes)
  [rec] P8-2 SWB — SWB show logging (0 bytes)
  [rec] P8-2b PG に validate address 追加 (60 bytes)
  [rec] P8-2b SWB show ipv6 source-guard policy PG (276 bytes)
  [rec] P8-2b prefix+address (a) CLB 既定送信元(SLAAC GUA)→GW — CLB# ping 2001:DB8:33:B::1 repeat 5 → 100% (182 bytes)
  [rec] P8-2b prefix+address (b) CLB 送信元 2001:DB8:98::1(Et0/0 追加・表に載る・範囲外)→GW — CLB# ping 2001:DB8:33:B::1 repeat 5 source 2001:DB8:98::1 → 0% (198 bytes)
  [rec] P8-2b prefix+address (c) CLB 送信元 2001:DB8:99::1(Lo0・表に無い・範囲外)→GW — CLB# ping 2001:DB8:33:B::1 repeat 5 source 2001:DB8:99::1 → 0% (198 bytes)
  [rec] P8-2b prefix+address RT02 show ipv6 access-list CNT (受信カウンタ: 10=98::/64 20=99::/64 30=33:B::/64) (282 bytes)
  [note] P8-2b prefix+address ping 成功率 a=100% b=0% c=0%
  [rec] P8-2b SWB show device-tracking counters interface Ethernet0/1 (1028 bytes)
  [rec] P8-3 SWB destination-guard CLI 有無 (60 bytes)
  [rec] P8-3 SWB show run | section destination-guard (32 bytes)
  [rec] P8-3 RT02 未知宛先の静的 ND (71 bytes)
  [rec] P8-3 DG 無し RT02→CLB 2001:DB8:33:B:A8BB:CCFF:FE01:6500(表にある宛先) — RT02# ping 2001:DB8:33:B:A8BB:CCFF:FE01:6500 repeat 5 → 100% (199 bytes)
  [rec] P8-3 DG 無し RT02→::DEAD(表に無い宛先・静的 ND) — RT02# ping 2001:DB8:33:B::DEAD repeat 3 → 0% (146 bytes)
  [rec] P8-3 SWB DG → Et0/0(ルータ側) (77 bytes)
  [rec] P8-3 SWB show ipv6 destination-guard policy DG (267 bytes)
  [rec] P8-3 SWB show device-tracking policies (444 bytes)
  [rec] P8-3 DG あり RT02→CLB 2001:DB8:33:B:A8BB:CCFF:FE01:6500(表にある宛先) — RT02# ping 2001:DB8:33:B:A8BB:CCFF:FE01:6500 repeat 5 → 100% (199 bytes)
  [rec] P8-3 DG あり RT02→::DEAD(表に無い宛先) — RT02# ping 2001:DB8:33:B::DEAD repeat 3 → 0% (146 bytes)
  [rec] P8-3 SWB show device-tracking counters interface Ethernet0/0 (1016 bytes)
  [rec] P8-3 SWB show device-tracking counters vlan 10 (1068 bytes)
  [rec] P8-3 SWB — SWB show logging (0 bytes)
