SSL Verification disabled
Could not find details in testbed for server terminal_server.
Could not find details in testbed for server terminal_server.
No details found in testbed for hostname terminal_server.
Could not find details in testbed for server terminal_server.
Could not find details in testbed for server terminal_server.
No details found in testbed for hostname terminal_server.
Could not find details in testbed for server terminal_server.
Could not find details in testbed for server terminal_server.
No details found in testbed for hostname terminal_server.
Could not find details in testbed for server terminal_server.
Could not find details in testbed for server terminal_server.
No details found in testbed for hostname terminal_server.
  [rec] P8L-0 SWB show version (257 bytes)
  [rec] P8L-0 raguard policy HOST (55 bytes)
  [rec] P8L-0 raguard policy ROUTER (59 bytes)
  [rec] P8L-0 snooping policy SNOOP (74 bytes)
  [rec] P8L-0 vlan 10 に snooping attach (66 bytes)
  [rec] P8L-0 GigabitEthernet0/0 raguard ROUTER (109 bytes)
    ! SWB: % Invalid input detected at '^' marker.
  [rec] P8L-0 GigabitEthernet0/1 raguard HOST (107 bytes)
    ! SWB: % Invalid input detected at '^' marker.
  [rec] P8L-0 GigabitEthernet0/2 raguard HOST (107 bytes)
    ! SWB: % Invalid input detected at '^' marker.
  [rec] P8L-0 RT02 受信カウンタ ACL (291 bytes)
    待ち 0s: CLB に 2001:DB8:33:B:: GUA
  [rec] P8L-0 CLB show ipv6 interface brief (GUA after 15.617999792098999s) (141 bytes)
  [rec] P8L-0 CLB show ipv6 routers (678 bytes)
  [rec] P8L-0 CLB 範囲外アドレス追加(Et0/0=98::1 / Lo0=99::1) (124 bytes)
  [rec] P8L-0 SWB show ipv6 snooping policies (148 bytes)
  [rec] P8L-0 SWB show ipv6 neighbors binding (0 bytes)
  [rec] P8L-0 SWB show ipv6 snooping features (91 bytes)
  [rec] P8L-0 SWB show ipv6 snooping counters interface GigabitEthernet0/1 (43 bytes)
  [rec] P8L-0 SWB show ipv6 nd raguard policy HOST (175 bytes)
  [rec] P8L-0 ガード無し (a) CLB 既定送信元(SLAAC GUA)→GW — CLB# ping 2001:DB8:33:B::1 repeat 5 → 100% (182 bytes)
  [rec] P8L-0 ガード無し (b) CLB 送信元 2001:DB8:98::1(Et0/0 追加・表に載る・範囲外)→GW — CLB# ping 2001:DB8:33:B::1 repeat 5 source 2001:DB8:98::1 → 0% (198 bytes)
  [rec] P8L-0 ガード無し (c) CLB 送信元 2001:DB8:99::1(Lo0・表に無い・範囲外)→GW — CLB# ping 2001:DB8:33:B::1 repeat 5 source 2001:DB8:99::1 → 0% (198 bytes)
  [rec] P8L-0 ガード無し RT02 show ipv6 access-list CNT (受信カウンタ: 10=98::/64 20=99::/64 30=33:B::/64) (292 bytes)
  [note] P8L-0 ガード無し ping 成功率 a=100% b=0% c=0%
  [rec] P8L-1 source-guard policy SG (38 bytes)
  [rec] P8L-1 GigabitEthernet0/1 に SG attach (157 bytes)
    ! SWB: % A Snooping policy should be attached to target Box for this feature to operate properly
  [rec] P8L-1 SWB show ipv6 source-guard policy SG (244 bytes)
  [rec] P8L-1 SWB show ipv6 snooping policies (221 bytes)
  [rec] P8L-1 SWB show running-config interface GigabitEthernet0/1 (208 bytes)
  [rec] P8L-1 source-guard(address) (a) CLB 既定送信元(SLAAC GUA)→GW — CLB# ping 2001:DB8:33:B::1 repeat 5 → 100% (182 bytes)
  [rec] P8L-1 source-guard(address) (b) CLB 送信元 2001:DB8:98::1(Et0/0 追加・表に載る・範囲外)→GW — CLB# ping 2001:DB8:33:B::1 repeat 5 source 2001:DB8:98::1 → 0% (198 bytes)
  [rec] P8L-1 source-guard(address) (c) CLB 送信元 2001:DB8:99::1(Lo0・表に無い・範囲外)→GW — CLB# ping 2001:DB8:33:B::1 repeat 5 source 2001:DB8:99::1 → 0% (198 bytes)
  [rec] P8L-1 source-guard(address) RT02 show ipv6 access-list CNT (受信カウンタ: 10=98::/64 20=99::/64 30=33:B::/64) (282 bytes)
  [note] P8L-1 source-guard(address) ping 成功率 a=100% b=0% c=0%
  [rec] P8L-1 SWB show ipv6 snooping counters interface GigabitEthernet0/1 (43 bytes)
  [rec] P8L-1 SWB show ipv6 neighbors binding (0 bytes)
  [rec] P8L-1 SWB — SWB show logging (0 bytes)
  [rec] P8L-2 GigabitEthernet0/1 SG detach (77 bytes)
  [rec] P8L-2 source-guard policy PG(validate prefix) (54 bytes)
  [rec] P8L-2 GigabitEthernet0/1 に PG attach (157 bytes)
    ! SWB: % A Snooping policy should be attached to target Box for this feature to operate properly
  [rec] P8L-2 SWB show ipv6 source-guard policy PG (263 bytes)
  [rec] P8L-2 prefix-guard(validate prefix) (a) CLB 既定送信元(SLAAC GUA)→GW — CLB# ping 2001:DB8:33:B::1 repeat 5 → 100% (182 bytes)
  [rec] P8L-2 prefix-guard(validate prefix) (b) CLB 送信元 2001:DB8:98::1(Et0/0 追加・表に載る・範囲外)→GW — CLB# ping 2001:DB8:33:B::1 repeat 5 source 2001:DB8:98::1 → 0% (198 bytes)
  [rec] P8L-2 prefix-guard(validate prefix) (c) CLB 送信元 2001:DB8:99::1(Lo0・表に無い・範囲外)→GW — CLB# ping 2001:DB8:33:B::1 repeat 5 source 2001:DB8:99::1 → 0% (198 bytes)
  [rec] P8L-2 prefix-guard(validate prefix) RT02 show ipv6 access-list CNT (受信カウンタ: 10=98::/64 20=99::/64 30=33:B::/64) (294 bytes)
  [note] P8L-2 prefix-guard(validate prefix) ping 成功率 a=100% b=0% c=0%
  [rec] P8L-2 SWB show ipv6 snooping counters interface GigabitEthernet0/1 (43 bytes)
  [rec] P8L-2b PG に validate address 追加 (55 bytes)
  [rec] P8L-2b prefix+address (a) CLB 既定送信元(SLAAC GUA)→GW — CLB# ping 2001:DB8:33:B::1 repeat 5 → 100% (182 bytes)
  [rec] P8L-2b prefix+address (b) CLB 送信元 2001:DB8:98::1(Et0/0 追加・表に載る・範囲外)→GW — CLB# ping 2001:DB8:33:B::1 repeat 5 source 2001:DB8:98::1 → 0% (198 bytes)
  [rec] P8L-2b prefix+address (c) CLB 送信元 2001:DB8:99::1(Lo0・表に無い・範囲外)→GW — CLB# ping 2001:DB8:33:B::1 repeat 5 source 2001:DB8:99::1 → 0% (198 bytes)
  [rec] P8L-2b prefix+address RT02 show ipv6 access-list CNT (受信カウンタ: 10=98::/64 20=99::/64 30=33:B::/64) (282 bytes)
  [note] P8L-2b prefix+address ping 成功率 a=100% b=0% c=0%
  [rec] P8L-2 GigabitEthernet0/1 PG detach (77 bytes)
  [rec] P8L-3 destination-guard policy DG (62 bytes)
  [rec] P8L-3 RT02 未知宛先の静的 ND (71 bytes)
  [rec] P8L-3 DG 無し RT02→CLB 2001:DB8:33:B:A8BB:CCFF:FE01:7000 — RT02# ping 2001:DB8:33:B:A8BB:CCFF:FE01:7000 repeat 5 → 100% (199 bytes)
  [rec] P8L-3 DG 無し RT02→::DEAD — RT02# ping 2001:DB8:33:B::DEAD repeat 3 → 0% (146 bytes)
  [rec] P8L-3 GigabitEthernet0/0 に DG attach (112 bytes)
    ! SWB: % Invalid input detected at '^' marker.
  [rec] P8L-3 vlan 10 に DG attach(代替) (72 bytes)
  [rec] P8L-3 SWB show ipv6 destination-guard policy DG (69 bytes)
  [rec] P8L-3 DG あり RT02→CLB 2001:DB8:33:B:A8BB:CCFF:FE01:7000 — RT02# ping 2001:DB8:33:B:A8BB:CCFF:FE01:7000 repeat 5 → 100% (199 bytes)
  [rec] P8L-3 DG あり RT02→::DEAD — RT02# ping 2001:DB8:33:B::DEAD repeat 3 → 0% (146 bytes)
  [rec] P8L-3 SWB show ipv6 snooping counters interface GigabitEthernet0/0 (43 bytes)
  [rec] P8L-3 SWB show ipv6 snooping counters vlan 10 (290 bytes)
  [rec] P8L-3 SWB — SWB show logging (0 bytes)
