SSL Verification disabled
Could not find details in testbed for server terminal_server.
Could not find details in testbed for server terminal_server.
No details found in testbed for hostname terminal_server.
Could not find details in testbed for server terminal_server.
Could not find details in testbed for server terminal_server.
No details found in testbed for hostname terminal_server.
Could not find details in testbed for server terminal_server.
Could not find details in testbed for server terminal_server.
No details found in testbed for hostname terminal_server.
Could not find details in testbed for server terminal_server.
Could not find details in testbed for server terminal_server.
No details found in testbed for hostname terminal_server.
Could not find details in testbed for server terminal_server.
Could not find details in testbed for server terminal_server.
No details found in testbed for hostname terminal_server.

===== P5x =====
  [note] == P5x: protection 追加で自動 shutdown するか
  [rec] P5x 削除 (74 bytes)
  [rec] P5x 削除直後 — RT01# show ip interface brief | include Tunnel (74 bytes)
  [rec] P5x 再追加 (71 bytes)
  [rec] P5x 再追加直後 — RT01# show ip interface brief | include Tunnel (74 bytes)
  [rec] P5x hub log — RT01 show logging (1014 bytes)
  [rec] P5x 60s 後 — RT01# show dmvpn (806 bytes)
    待ち 0s: hub で 3 spoke UP
  [note] P5x 後: 健全復帰 16s

===== W1 =====
  [note] == W1: hub の tunnel protection なし(profile は定義済み)
  [rec] W1 注入 RT01 (74 bytes)
  [rec] W1 hub — RT01# show dmvpn (431 bytes)
  [rec] W1 hub — RT01# show crypto isakmp sa (109 bytes)
  [rec] W1 hub — RT01# show crypto ipsec sa | include peer|encaps|decaps|in use settings (0 bytes)
  [rec] W1 hub — RT01# show ip interface brief | include Tunnel (74 bytes)
  [rec] W1 hub log — RT01 show logging (1963 bytes)
  [rec] W1 RT02 — RT02# show dmvpn (686 bytes)
  [rec] W1 RT02 — RT02# show crypto isakmp sa (245 bytes)
  [rec] W1 RT02 — RT02# show crypto ipsec sa | include peer|encaps|decaps|in use settings (148 bytes)
  [rec] W1 RT02 — RT02# show ip nhrp nhs detail (301 bytes)
  [rec] W1 RT02 — RT02# show ip interface brief | include Tunnel (74 bytes)
  [rec] W1 RT02 log — RT02 show logging (1293 bytes)
  [rec] W1 是正 RT01 (71 bytes)
    待ち 0s: hub で 3 spoke UP
  [note] W1 是正後: 健全復帰 16s

===== W2 =====
  [note] == W2: hub の ipsec profile も protection も無い(profile 未定義)
  [rec] W2 注入 RT01 (114 bytes)
  [rec] W2 hub — RT01# show dmvpn (431 bytes)
  [rec] W2 hub — RT01# show crypto isakmp sa (109 bytes)
  [rec] W2 hub — RT01# show crypto ipsec sa | include peer|encaps|decaps|in use settings (0 bytes)
  [rec] W2 hub — RT01# show ip interface brief | include Tunnel (74 bytes)
  [rec] W2 hub log — RT01 show logging (1963 bytes)
  [rec] W2 RT02 — RT02# show dmvpn (686 bytes)
  [rec] W2 RT02 — RT02# show crypto isakmp sa (245 bytes)
  [rec] W2 RT02 — RT02# show crypto ipsec sa | include peer|encaps|decaps|in use settings (148 bytes)
  [rec] W2 RT02 — RT02# show ip nhrp nhs detail (301 bytes)
  [rec] W2 RT02 — RT02# show ip interface brief | include Tunnel (74 bytes)
  [rec] W2 RT02 log — RT02 show logging (1293 bytes)
  [rec] W2 是正 RT01 (129 bytes)
    待ち 0s: hub で 3 spoke UP
  [note] W2 是正後: 健全復帰 16s

===== W3 =====
  [note] == W3: hub の ip nhrp network-id なし
  [rec] W3 注入 RT01 (54 bytes)
  [rec] W3 hub — RT01# show dmvpn (431 bytes)
  [rec] W3 hub — RT01# show crypto isakmp sa (298 bytes)
  [rec] W3 hub — RT01# show crypto ipsec sa | include peer|encaps|decaps|in use settings (701 bytes)
  [rec] W3 hub — RT01# show ip interface brief | include Tunnel (74 bytes)
  [rec] W3 hub log — RT01 show logging (3153 bytes)
  [rec] W3 RT02 — RT02# show dmvpn (686 bytes)
  [rec] W3 RT02 — RT02# show crypto isakmp sa (172 bytes)
  [rec] W3 RT02 — RT02# show crypto ipsec sa | include peer|encaps|decaps|in use settings (231 bytes)
  [rec] W3 RT02 — RT02# show ip nhrp nhs detail (301 bytes)
  [rec] W3 RT02 — RT02# show ip interface brief | include Tunnel (74 bytes)
  [rec] W3 RT02 log — RT02 show logging (1664 bytes)
  [rec] W3 是正 RT01 (51 bytes)
    待ち 0s: hub で 3 spoke UP
  [note] W3 是正後: 健全復帰 16s

===== W4 =====
  [note] == W4: hub の tunnel key なし(spoke は key あり)
  [rec] W4 注入 RT01 (46 bytes)
  [rec] W4 hub — RT01# show dmvpn (431 bytes)
  [rec] W4 hub — RT01# show crypto isakmp sa (298 bytes)
  [rec] W4 hub — RT01# show crypto ipsec sa | include peer|encaps|decaps|in use settings (701 bytes)
  [rec] W4 hub — RT01# show ip interface brief | include Tunnel (74 bytes)
  [rec] W4 hub log — RT01 show logging (2393 bytes)
  [rec] W4 RT02 — RT02# show dmvpn (686 bytes)
  [rec] W4 RT02 — RT02# show crypto isakmp sa (172 bytes)
  [rec] W4 RT02 — RT02# show crypto ipsec sa | include peer|encaps|decaps|in use settings (231 bytes)
  [rec] W4 RT02 — RT02# show ip nhrp nhs detail (301 bytes)
  [rec] W4 RT02 — RT02# show ip interface brief | include Tunnel (74 bytes)
  [rec] W4 RT02 log — RT02 show logging (1416 bytes)
  [rec] W4 是正 RT01 (43 bytes)
    待ち 0s: hub で 3 spoke UP
  [note] W4 是正後: 健全復帰 16s

===== W5 =====
  [note] == W5: hub が p2p GRE(tunnel mode gre ip + tunnel destination)
  [rec] W5 注入 RT01 (261 bytes)
    ! RT01: %WARNING: The tunnel mode has been modified while the tunnel protection is already active. It is recommended to run "shutdown" and "no shutdown" on Tunnel0 interface to refresh the config.
  [rec] W5 hub — RT01# show dmvpn (684 bytes)
  [rec] W5 hub — RT01# show crypto isakmp sa (361 bytes)
  [rec] W5 hub — RT01# show crypto ipsec sa | include peer|encaps|decaps|in use settings (315 bytes)
  [rec] W5 hub — RT01# show ip interface brief | include Tunnel (74 bytes)
  [rec] W5 hub log — RT01 show logging (2945 bytes)
  [rec] W5 RT02 — RT02# show dmvpn (686 bytes)
  [rec] W5 RT02 — RT02# show crypto isakmp sa (235 bytes)
  [rec] W5 RT02 — RT02# show crypto ipsec sa | include peer|encaps|decaps|in use settings (314 bytes)
  [rec] W5 RT02 — RT02# show ip nhrp nhs detail (195 bytes)
  [rec] W5 RT02 — RT02# show ip interface brief | include Tunnel (74 bytes)
  [rec] W5 RT02 log — RT02 show logging (2077 bytes)
  [rec] W5 是正 RT01 (259 bytes)
    ! RT01: %WARNING: The tunnel mode has been modified while the tunnel protection is already active. It is recommended to run "shutdown" and "no shutdown" on Tunnel0 interface to refresh the config.
    待ち 0s: hub で 3 spoke UP
  [note] W5 是正後: 健全復帰 16s

===== W6 =====
  [note] == W6: hub の ip nhrp map multicast dynamic なし
  [rec] W6 注入 RT01 (61 bytes)
  [rec] W6 hub — RT01# show dmvpn (806 bytes)
  [rec] W6 hub — RT01# show crypto isakmp sa (298 bytes)
  [rec] W6 hub — RT01# show crypto ipsec sa | include peer|encaps|decaps|in use settings (710 bytes)
  [rec] W6 hub — RT01# show ip interface brief | include Tunnel (74 bytes)
  [rec] W6 hub log — RT01 show logging (3198 bytes)
  [rec] W6 RT02 — RT02# show dmvpn (686 bytes)
  [rec] W6 RT02 — RT02# show crypto isakmp sa (172 bytes)
  [rec] W6 RT02 — RT02# show crypto ipsec sa | include peer|encaps|decaps|in use settings (234 bytes)
  [rec] W6 RT02 — RT02# show ip nhrp nhs detail (195 bytes)
  [rec] W6 RT02 — RT02# show ip interface brief | include Tunnel (74 bytes)
  [rec] W6 RT02 log — RT02 show logging (1361 bytes)
  [rec] W6 是正 RT01 (58 bytes)
    待ち 0s: hub で 3 spoke UP
  [note] W6 是正後: 健全復帰 16s

===== W7 =====
  [note] == W7: RT02 の crypto isakmp key なし
  [rec] W7 注入 RT02 (56 bytes)
  [rec] W7 hub — RT01# show dmvpn (745 bytes)
  [rec] W7 hub — RT01# show crypto isakmp sa (235 bytes)
  [rec] W7 hub — RT01# show crypto ipsec sa | include peer|encaps|decaps|in use settings (473 bytes)
  [rec] W7 hub — RT01# show ip interface brief | include Tunnel (74 bytes)
  [rec] W7 hub log — RT01 show logging (2733 bytes)
  [rec] W7 RT02 — RT02# show dmvpn (686 bytes)
  [rec] W7 RT02 — RT02# show crypto isakmp sa (109 bytes)
  [rec] W7 RT02 — RT02# show crypto ipsec sa | include peer|encaps|decaps|in use settings (148 bytes)
  [rec] W7 RT02 — RT02# show ip nhrp nhs detail (301 bytes)
  [rec] W7 RT02 — RT02# show ip interface brief | include Tunnel (74 bytes)
  [rec] W7 RT02 log — RT02 show logging (1367 bytes)
  [rec] W7 是正 RT02 (53 bytes)
    待ち 0s: hub で 3 spoke UP
  [note] W7 是正後: 健全復帰 16s

===== W8 =====
  [note] == W8: RT02 の tunnel protection なし(hub はあり)
  [rec] W8 注入 RT02 (74 bytes)
  [rec] W8 hub — RT01# show dmvpn (745 bytes)
  [rec] W8 hub — RT01# show crypto isakmp sa (235 bytes)
  [rec] W8 hub — RT01# show crypto ipsec sa | include peer|encaps|decaps|in use settings (473 bytes)
  [rec] W8 hub — RT01# show ip interface brief | include Tunnel (74 bytes)
  [rec] W8 hub log — RT01 show logging (3041 bytes)
  [rec] W8 RT02 — RT02# show dmvpn (686 bytes)
  [rec] W8 RT02 — RT02# show crypto isakmp sa (109 bytes)
  [rec] W8 RT02 — RT02# show crypto ipsec sa | include peer|encaps|decaps|in use settings (0 bytes)
  [rec] W8 RT02 — RT02# show ip nhrp nhs detail (301 bytes)
  [rec] W8 RT02 — RT02# show ip interface brief | include Tunnel (74 bytes)
  [rec] W8 RT02 log — RT02 show logging (1307 bytes)
  [rec] W8 是正 RT02 (71 bytes)
    待ち 0s: hub で 3 spoke UP
  [note] W8 是正後: 健全復帰 16s

===== W9 =====
  [note] == W9: RT02 の ip nhrp network-id なし
  [rec] W9 注入 RT02 (54 bytes)
  [rec] W9 hub — RT01# show dmvpn (745 bytes)
  [rec] W9 hub — RT01# show crypto isakmp sa (235 bytes)
  [rec] W9 hub — RT01# show crypto ipsec sa | include peer|encaps|decaps|in use settings (473 bytes)
  [rec] W9 hub — RT01# show ip interface brief | include Tunnel (74 bytes)
  [rec] W9 hub log — RT01 show logging (2733 bytes)
  [rec] W9 RT02 — RT02# show dmvpn (431 bytes)
  [rec] W9 RT02 — RT02# show crypto isakmp sa (109 bytes)
  [rec] W9 RT02 — RT02# show crypto ipsec sa | include peer|encaps|decaps|in use settings (0 bytes)
  [rec] W9 RT02 — RT02# show ip nhrp nhs detail (0 bytes)
  [rec] W9 RT02 — RT02# show ip interface brief | include Tunnel (74 bytes)
  [rec] W9 RT02 log — RT02 show logging (1302 bytes)
  [rec] W9 是正 RT02 (51 bytes)
    待ち 0s: hub で 3 spoke UP
  [note] W9 是正後: 健全復帰 16s

===== W10 =====
  [note] == W10: RT02 の tunnel key なし(hub はあり)
  [rec] W10 注入 RT02 (46 bytes)
  [rec] W10 hub — RT01# show dmvpn (745 bytes)
  [rec] W10 hub — RT01# show crypto isakmp sa (298 bytes)
  [rec] W10 hub — RT01# show crypto ipsec sa | include peer|encaps|decaps|in use settings (707 bytes)
  [rec] W10 hub — RT01# show ip interface brief | include Tunnel (74 bytes)
  [rec] W10 hub log — RT01 show logging (2856 bytes)
  [rec] W10 RT02 — RT02# show dmvpn (686 bytes)
  [rec] W10 RT02 — RT02# show crypto isakmp sa (172 bytes)
  [rec] W10 RT02 — RT02# show crypto ipsec sa | include peer|encaps|decaps|in use settings (231 bytes)
  [rec] W10 RT02 — RT02# show ip nhrp nhs detail (301 bytes)
  [rec] W10 RT02 — RT02# show ip interface brief | include Tunnel (74 bytes)
  [rec] W10 RT02 log — RT02 show logging (1490 bytes)
  [rec] W10 是正 RT02 (43 bytes)
    待ち 0s: hub で 3 spoke UP
  [note] W10 是正後: 健全復帰 16s

===== F1 =====
  [note] == F1: RT02 の transform-set 不一致(esp-3des esp-sha-hmac)
  [rec] F1 注入 RT02 (155 bytes)
    ! RT02: % Invalid input detected at '^' marker.
    ! RT02: % Invalid input detected at '^' marker.
  [rec] F1 hub — RT01# show dmvpn (806 bytes)
  [rec] F1 hub — RT01# show crypto isakmp sa (298 bytes)
  [rec] F1 hub — RT01# show crypto ipsec sa | include peer|encaps|decaps|in use settings (710 bytes)
  [rec] F1 hub — RT01# show ip interface brief | include Tunnel (74 bytes)
  [rec] F1 hub log — RT01 show logging (3124 bytes)
  [rec] F1 RT02 — RT02# show dmvpn (686 bytes)
  [rec] F1 RT02 — RT02# show crypto isakmp sa (172 bytes)
  [rec] F1 RT02 — RT02# show crypto ipsec sa | include peer|encaps|decaps|in use settings (234 bytes)
  [rec] F1 RT02 — RT02# show ip nhrp nhs detail (195 bytes)
  [rec] F1 RT02 — RT02# show ip interface brief | include Tunnel (74 bytes)
  [rec] F1 RT02 log — RT02 show logging (1543 bytes)
  [rec] F1 是正 RT02 (88 bytes)
    待ち 0s: hub で 3 spoke UP
  [note] F1 是正後: 健全復帰 16s

===== F2 =====
  [note] == F2: hub の外側 IF で ESP だけ遮断(UDP 500 は許可)
  [rec] F2 注入 RT01 (137 bytes)
  [rec] F2 hub — RT01# show dmvpn (431 bytes)
  [rec] F2 hub — RT01# show crypto isakmp sa (298 bytes)
  [rec] F2 hub — RT01# show crypto ipsec sa | include peer|encaps|decaps|in use settings (692 bytes)
  [rec] F2 hub — RT01# show ip interface brief | include Tunnel (74 bytes)
  [rec] F2 hub log — RT01 show logging (2393 bytes)
  [rec] F2 RT02 — RT02# show dmvpn (686 bytes)
  [rec] F2 RT02 — RT02# show crypto isakmp sa (172 bytes)
  [rec] F2 RT02 — RT02# show crypto ipsec sa | include peer|encaps|decaps|in use settings (231 bytes)
  [rec] F2 RT02 — RT02# show ip nhrp nhs detail (301 bytes)
  [rec] F2 RT02 — RT02# show ip interface brief | include Tunnel (74 bytes)
  [rec] F2 RT02 log — RT02 show logging (1416 bytes)
  [rec] F2 是正 RT01 (108 bytes)
    待ち 0s: hub で 3 spoke UP
  [note] F2 是正後: 健全復帰 16s

===== F3 =====
  [note] == F3: RT02 の NHRP 認証不一致
  [rec] F3 注入 RT02 (59 bytes)
  [rec] F3 hub — RT01# show dmvpn (806 bytes)
  [rec] F3 hub — RT01# show crypto isakmp sa (298 bytes)
  [rec] F3 hub — RT01# show crypto ipsec sa | include peer|encaps|decaps|in use settings (707 bytes)
  [rec] F3 hub — RT01# show ip interface brief | include Tunnel (74 bytes)
  [rec] F3 hub log — RT01 show logging (5465 bytes)
  [rec] F3 RT02 — RT02# show dmvpn (686 bytes)
  [rec] F3 RT02 — RT02# show crypto isakmp sa (172 bytes)
  [rec] F3 RT02 — RT02# show crypto ipsec sa | include peer|encaps|decaps|in use settings (231 bytes)
  [rec] F3 RT02 — RT02# show ip nhrp nhs detail (302 bytes)
  [rec] F3 RT02 — RT02# show ip interface brief | include Tunnel (74 bytes)
  [rec] F3 RT02 log — RT02 show logging (1490 bytes)
  [rec] F3 是正 RT02 (59 bytes)
    待ち 0s: hub で 3 spoke UP
  [note] F3 是正後: 健全復帰 16s

===== F4 =====
  [note] == F4: RT02 の NHS トンネル IP 誤り(172.16.0.254)
  [rec] F4 注入 RT02 (133 bytes)
  [rec] F4 hub — RT01# show dmvpn (806 bytes)
  [rec] F4 hub — RT01# show crypto isakmp sa (298 bytes)
  [rec] F4 hub — RT01# show crypto ipsec sa | include peer|encaps|decaps|in use settings (707 bytes)
  [rec] F4 hub — RT01# show ip interface brief | include Tunnel (74 bytes)
  [rec] F4 hub log — RT01 show logging (7172 bytes)
  [rec] F4 RT02 — RT02# show dmvpn (686 bytes)
  [rec] F4 RT02 — RT02# show crypto isakmp sa (172 bytes)
  [rec] F4 RT02 — RT02# show crypto ipsec sa | include peer|encaps|decaps|in use settings (231 bytes)
  [rec] F4 RT02 — RT02# show ip nhrp nhs detail (292 bytes)
  [rec] F4 RT02 — RT02# show ip interface brief | include Tunnel (74 bytes)
  [rec] F4 RT02 log — RT02 show logging (2708 bytes)
  [rec] F4 是正 RT02 (133 bytes)
    待ち 0s: hub で 3 spoke UP
  [note] F4 是正後: 健全復帰 16s

===== F5 =====
  [note] == F5: RT02 が nhs を持たず static map だけ(spoke に hub が static で見える)
  [rec] F5 注入 RT02 (150 bytes)
  [rec] F5 hub — RT01# show dmvpn (806 bytes)
  [rec] F5 hub — RT01# show crypto isakmp sa (298 bytes)
  [rec] F5 hub — RT01# show crypto ipsec sa | include peer|encaps|decaps|in use settings (707 bytes)
  [rec] F5 hub — RT01# show ip interface brief | include Tunnel (74 bytes)
  [rec] F5 hub log — RT01 show logging (4292 bytes)
  [rec] F5 RT02 — RT02# show dmvpn (686 bytes)
  [rec] F5 RT02 — RT02# show crypto isakmp sa (172 bytes)
  [rec] F5 RT02 — RT02# show crypto ipsec sa | include peer|encaps|decaps|in use settings (231 bytes)
  [rec] F5 RT02 — RT02# show ip nhrp nhs detail (0 bytes)
  [rec] F5 RT02 — RT02# show ip interface brief | include Tunnel (74 bytes)
  [rec] F5 RT02 log — RT02 show logging (2423 bytes)
  [rec] F5 是正 RT02 (153 bytes)
    待ち 0s: hub で 3 spoke UP
  [note] F5 是正後: 健全復帰 16s

===== F6 =====
  [note] == F6: hub の PFS 片側要求(set pfs group14)
  [rec] F6 注入 RT01 (63 bytes)
  [rec] F6 hub — RT01# show dmvpn (431 bytes)
  [rec] F6 hub — RT01# show crypto isakmp sa (298 bytes)
  [rec] F6 hub — RT01# show crypto ipsec sa | include peer|encaps|decaps|in use settings (0 bytes)
  [rec] F6 hub — RT01# show ip interface brief | include Tunnel (74 bytes)
  [rec] F6 hub log — RT01 show logging (2023 bytes)
  [rec] F6 RT02 — RT02# show dmvpn (686 bytes)
  [rec] F6 RT02 — RT02# show crypto isakmp sa (172 bytes)
  [rec] F6 RT02 — RT02# show crypto ipsec sa | include peer|encaps|decaps|in use settings (148 bytes)
  [rec] F6 RT02 — RT02# show ip nhrp nhs detail (302 bytes)
  [rec] F6 RT02 — RT02# show ip interface brief | include Tunnel (74 bytes)
  [rec] F6 RT02 log — RT02 show logging (1293 bytes)
  [rec] F6 是正 RT01 (58 bytes)
    待ち 0s: hub で 3 spoke UP
  [note] F6 是正後: 健全復帰 16s

===== F7 =====
  [note] == F7: hub の mode gre ip(tunnel destination なし)
  [rec] F7 注入 RT01 (229 bytes)
    ! RT01: %WARNING: The tunnel mode has been modified while the tunnel protection is already active. It is recommended to run "shutdown" and "no shutdown" on Tunnel0 interface to refresh the config.
  [rec] F7 hub — RT01# show dmvpn (431 bytes)
  [rec] F7 hub — RT01# show crypto isakmp sa (109 bytes)
  [rec] F7 hub — RT01# show crypto ipsec sa | include peer|encaps|decaps|in use settings (0 bytes)
  [rec] F7 hub — RT01# show ip interface brief | include Tunnel (76 bytes)
  [rec] F7 hub log — RT01 show logging (1864 bytes)
  [rec] F7 RT02 — RT02# show dmvpn (686 bytes)
  [rec] F7 RT02 — RT02# show crypto isakmp sa (245 bytes)
  [rec] F7 RT02 — RT02# show crypto ipsec sa | include peer|encaps|decaps|in use settings (148 bytes)
  [rec] F7 RT02 — RT02# show ip nhrp nhs detail (302 bytes)
  [rec] F7 RT02 — RT02# show ip interface brief | include Tunnel (74 bytes)
  [rec] F7 RT02 log — RT02 show logging (1293 bytes)
  [rec] F7 是正 RT01 (237 bytes)
    ! RT01: %WARNING: The tunnel mode has been modified while the tunnel protection is already active. It is recommended to run "shutdown" and "no shutdown" on Tunnel0 interface to refresh the config.
    待ち 0s: hub で 3 spoke UP
  [note] F7 是正後: 健全復帰 16s

===== F8 =====
  [note] == F8: hub の transform-set が mode tunnel(spoke は transport)
  [rec] F8 注入 RT01 (85 bytes)
  [rec] F8 hub — RT01# show dmvpn (431 bytes)
  [rec] F8 hub — RT01# show crypto isakmp sa (298 bytes)
  [rec] F8 hub — RT01# show crypto ipsec sa | include peer|encaps|decaps|in use settings (0 bytes)
  [rec] F8 hub — RT01# show ip interface brief | include Tunnel (74 bytes)
  [rec] F8 hub log — RT01 show logging (2023 bytes)
  [rec] F8 RT02 — RT02# show dmvpn (686 bytes)
  [rec] F8 RT02 — RT02# show crypto isakmp sa (172 bytes)
  [rec] F8 RT02 — RT02# show crypto ipsec sa | include peer|encaps|decaps|in use settings (148 bytes)
  [rec] F8 RT02 — RT02# show ip nhrp nhs detail (302 bytes)
  [rec] F8 RT02 — RT02# show ip interface brief | include Tunnel (74 bytes)
  [rec] F8 RT02 log — RT02 show logging (1293 bytes)
  [rec] F8 是正 RT01 (88 bytes)
    待ち 0s: hub で 3 spoke UP
  [note] F8 是正後: 健全復帰 16s
