SSL Verification disabled
Could not find details in testbed for server terminal_server.
Could not find details in testbed for server terminal_server.
No details found in testbed for hostname terminal_server.
Could not find details in testbed for server terminal_server.
Could not find details in testbed for server terminal_server.
No details found in testbed for hostname terminal_server.
Could not find details in testbed for server terminal_server.
Could not find details in testbed for server terminal_server.
No details found in testbed for hostname terminal_server.
Could not find details in testbed for server terminal_server.
Could not find details in testbed for server terminal_server.
No details found in testbed for hostname terminal_server.
Could not find details in testbed for server terminal_server.
Could not find details in testbed for server terminal_server.
No details found in testbed for hostname terminal_server.

===== F1b =====
  [note] == F1b: RT02 の transform-set 不一致(esp-aes 128 esp-sha-hmac)
  [rec] F1b 注入 RT02 (81 bytes)
  [rec] F1b hub — RT01# show dmvpn (745 bytes)
  [rec] F1b hub — RT01# show crypto isakmp sa (298 bytes)
  [rec] F1b hub — RT01# show crypto ipsec sa | include peer|encaps|decaps|in use settings (473 bytes)
  [rec] F1b hub — RT01# show ip interface brief | include Tunnel (74 bytes)
  [rec] F1b hub log — RT01 show logging (2733 bytes)
  [rec] F1b RT02 — RT02# show dmvpn (686 bytes)
  [rec] F1b RT02 — RT02# show crypto isakmp sa (172 bytes)
  [rec] F1b RT02 — RT02# show crypto ipsec sa | include peer|encaps|decaps|in use settings (148 bytes)
  [rec] F1b RT02 — RT02# show ip nhrp nhs detail (302 bytes)
  [rec] F1b RT02 — RT02# show ip interface brief | include Tunnel (74 bytes)
  [rec] F1b RT02 log — RT02 show logging (1367 bytes)
  [rec] F1b 是正 RT02 (88 bytes)
    待ち 0s: hub で 3 spoke UP
  [note] F1b 是正後: 健全復帰 16s

===== P2 =====
  [note] == P2: 壊滅スタート → 是正(clear/bounce なし)
  [rec] P2 注入 RT01 (260 bytes)
  [rec] P2 注入 RT02 (56 bytes)
  [rec] P2 注入 RT03 (114 bytes)
  [rec] P2 注入 RT04 (46 bytes)
  [rec] P2 壊滅 hub — RT01# show dmvpn (431 bytes)
  [rec] P2 壊滅 RT02 — RT02# show dmvpn (686 bytes)
  [rec] P2 壊滅 RT03 — RT03# show dmvpn (686 bytes)
  [rec] P2 壊滅 RT04 — RT04# show dmvpn (686 bytes)
  [rec] P2 是正 RT01 (246 bytes)
  [rec] P2 是正 RT02 (53 bytes)
  [rec] P2 是正 RT03 (129 bytes)
  [rec] P2 是正 RT04 (43 bytes)
  [rec] P2 是正直後 RT01 — RT01# show ip interface brief | include Tunnel (74 bytes)
  [rec] P2 是正直後 RT02 — RT02# show ip interface brief | include Tunnel (74 bytes)
  [rec] P2 是正直後 RT03 — RT03# show ip interface brief | include Tunnel (74 bytes)
  [rec] P2 是正直後 RT04 — RT04# show ip interface brief | include Tunnel (74 bytes)
    待ち 0s: 是正後の自然登録
    待ち 21s: 是正後の自然登録
  [note] P2: 是正のみ(no shut なし)で 3 spoke UP まで 41s
  [rec] P2 是正後 hub show dmvpn (806 bytes)

===== P3 =====
  [note] == P3a: 素朴な構成(spoke の static default を消し hub から EIGRP で default を受ける・NBMA は host route)
  [rec] P3a hub (365 bytes)
  [rec] P3a RT02 (101 bytes)
  [rec] P3a RT03 (101 bytes)
  [rec] P3a RT04 (101 bytes)
  [rec] P3a RT02 — RT02# show ip route 0.0.0.0 (544 bytes)
  [rec] P3a RT02 LAN→internet — RT02# ping 8.8.8.8 repeat 5 source Loopback1 → 100% (221 bytes)
  [rec] P3a RT02→hub LAN — RT02# ping 10.0.0.1 repeat 5 source Loopback1 → 100% (222 bytes)
  [rec] P3a RT02→RT03 LAN(shortcut) — RT02# ping 10.0.3.1 repeat 5 source Loopback1 → 100% (222 bytes)
  [rec] P3a RT02 — RT02# show dmvpn (686 bytes)
  [rec] P3a hub — RT01# show ip nat translations (168 bytes)
  [rec] P3a hub — RT01# show dmvpn (806 bytes)
  [rec] P3a RT02 log — RT02 show logging (4532 bytes)
  [note] == P3b: spoke 間 NBMA を underlay の静的経路で補う
  [rec] P3b RT02 (59 bytes)
  [rec] P3b RT03 (59 bytes)
  [rec] P3b RT04 (59 bytes)
    待ち 0s: hub で 3 spoke UP
  [note] P3b: 健全復帰 16s
  [rec] P3b RT02→RT03 LAN(shortcut) — RT02# ping 10.0.3.1 repeat 5 source Loopback1 → 100% (222 bytes)
  [rec] P3b RT02→RT03 LAN 2回目 — RT02# ping 10.0.3.1 repeat 5 source Loopback1 → 100% (222 bytes)
  [rec] P3b RT02 LAN→internet — RT02# ping 8.8.8.8 repeat 5 source Loopback1 → 100% (221 bytes)
  [rec] P3b RT02 — RT02# show dmvpn (686 bytes)

===== P3r =====
    ! RT01: %Dynamic mapping in use, cannot remove
    待ち 0s: hub で 3 spoke UP
  [note] P3r: 健全復帰 16s
