SSL Verification disabled
Could not find details in testbed for server terminal_server.
Could not find details in testbed for server terminal_server.
No details found in testbed for hostname terminal_server.
Could not find details in testbed for server terminal_server.
Could not find details in testbed for server terminal_server.
No details found in testbed for hostname terminal_server.
Could not find details in testbed for server terminal_server.
Could not find details in testbed for server terminal_server.
No details found in testbed for hostname terminal_server.
Could not find details in testbed for server terminal_server.
Could not find details in testbed for server terminal_server.
No details found in testbed for hostname terminal_server.
Could not find details in testbed for server terminal_server.
Could not find details in testbed for server terminal_server.
No details found in testbed for hostname terminal_server.

===== P3d =====
    待ち 0s: hub で 3 spoke UP
  [note] P3d-0: 健全復帰 16s
  [rec] P3d hub (326 bytes)
  [rec] P3d RT02 (101 bytes)
  [rec] P3d RT03 (101 bytes)
  [rec] P3d RT04 (101 bytes)
  [rec] P3d RT02→internet — RT02# ping 8.8.8.8 repeat 5 source Loopback1 → 100% (221 bytes)
  [rec] P3d 素朴 RT02→RT03 LAN 1回目 — RT02# ping 10.0.3.1 repeat 10 source Loopback1 → 100% (230 bytes)
  [rec] P3d 素朴 RT02→RT03 LAN 2回目 — RT02# ping 10.0.3.1 repeat 10 source Loopback1 → 100% (230 bytes)
  [rec] P3d 素朴 RT02 — RT02# show dmvpn (808 bytes)
  [rec] P3d 素朴 RT02 — RT02# show ip route 10.0.3.0 (512 bytes)
  [rec] P3d 素朴 RT02 — RT02# show ip cef 10.0.3.1 (41 bytes)
  [rec] P3d 素朴 hub — RT01# show ip nhrp traffic (515 bytes)
  [rec] P3d 素朴 RT02 — RT02# show ip nhrp traffic (519 bytes)
  [note] P3d 素朴: RT02 に直接トンネル(DT) あり
  [rec] P3d 60 秒後 RT02→RT03 LAN — RT02# ping 10.0.3.1 repeat 20 source Loopback1 → 100% (240 bytes)
  [rec] P3d 60 秒後 RT02 — RT02# show dmvpn (808 bytes)
  [rec] P3d RT02 — RT02# show ip route 198.51.100.6 (21 bytes)
  [rec] P3d RT02 — RT02# show crypto isakmp sa (298 bytes)
  [rec] P3d RT02 log — RT02 show logging (452 bytes)
  [rec] P3d RT03 log — RT03 show logging (452 bytes)
  [rec] P3d 最後 RT02→internet — RT02# ping 8.8.8.8 repeat 5 source Loopback1 → 100% (221 bytes)

===== P3r =====
    ! RT01: %Dynamic mapping in use, cannot remove
    ! RT02: %No matching route to delete
    ! RT03: %No matching route to delete
    ! RT04: %No matching route to delete
    待ち 0s: hub で 3 spoke UP
  [note] P3r: 健全復帰 15s
