SSL Verification disabled
Could not find details in testbed for server terminal_server.
Could not find details in testbed for server terminal_server.
No details found in testbed for hostname terminal_server.
Could not find details in testbed for server terminal_server.
Could not find details in testbed for server terminal_server.
No details found in testbed for hostname terminal_server.
Could not find details in testbed for server terminal_server.
Could not find details in testbed for server terminal_server.
No details found in testbed for hostname terminal_server.
Could not find details in testbed for server terminal_server.
Could not find details in testbed for server terminal_server.
No details found in testbed for hostname terminal_server.
Could not find details in testbed for server terminal_server.
Could not find details in testbed for server terminal_server.
No details found in testbed for hostname terminal_server.

===== Q1 =====
    待ち 0s: hub で 3 spoke UP
  [note] Q1-0: 健全復帰 16s
  [note] == Q1: EDGE-OUT(out 方向)に IKE/ESP/ICMP だけ permit → DMVPN が生きるか・どの行に hit するか
  [rec] Q1 EDGE-OUT 適用 (277 bytes)
  [rec] Q1 hub(out ACL: gre 無し) — RT01# show dmvpn (806 bytes)
  [rec] Q1 hit — RT01# show ip access-lists EDGE-OUT (285 bytes)
  [rec] Q1 hub log — RT01 show logging (5620 bytes)
  [rec] Q1 gre 追加 (78 bytes)
  [rec] Q1 hub(out ACL: gre あり) — RT01# show dmvpn (806 bytes)
  [rec] Q1 hit(gre あり) — RT01# show ip access-lists EDGE-OUT (327 bytes)
    待ち 0s: hub で 3 spoke UP
  [note] Q1 後: 健全復帰 16s

===== Q2 =====
  [note] == Q2: 詰まった seq への挿入(resequence)・4500 無し
  [rec] Q2 詰まった wall(esp 無し・remark 込み)を in に適用 (401 bytes)
  [rec] Q2 run(remark の seq) — RT01# show running-config | section access-list extended Q2WALL (353 bytes)
  [rec] Q2 esp 無し hub — RT01# show dmvpn (431 bytes)
  [rec] Q2 esp 無し hub — RT01# show crypto isakmp sa (298 bytes)
  [rec] Q2 esp 無し hit — RT01# show ip access-lists Q2WALL (365 bytes)
  [rec] Q2 hub log — RT01 show logging (665 bytes)
  [rec] Q2 埋まっている seq 15 に挿入(拒否されるはず) (132 bytes)
    ! RT01: % Duplicate sequence number
    ! RT01: % Failed to add ace to access-list
  [rec] Q2 seq 15 挿入の結果 — RT01# show ip access-lists Q2WALL (365 bytes)
  [rec] Q2 resequence (49 bytes)
  [rec] Q2 resequence 後(カウンタ保持?) — RT01# show ip access-lists Q2WALL (365 bytes)
  [rec] Q2 resequence 後 run(remark も renumber?) — RT01# show running-config | section access-list extended Q2WALL (318 bytes)
  [rec] Q2 65 に esp 挿入(deny 70 の直前) (76 bytes)
    待ち 0s: esp 挿入後の登録(bounce なし)
    待ち 16s: esp 挿入後の登録(bounce なし)
    待ち 31s: esp 挿入後の登録(bounce なし)
    待ち 46s: esp 挿入後の登録(bounce なし)
    待ち 62s: esp 挿入後の登録(bounce なし)
    待ち 77s: esp 挿入後の登録(bounce なし)
    待ち 92s: esp 挿入後の登録(bounce なし)
    待ち 107s: esp 挿入後の登録(bounce なし)
    待ち 123s: esp 挿入後の登録(bounce なし)
    待ち 138s: esp 挿入後の登録(bounce なし)
    待ち 153s: esp 挿入後の登録(bounce なし)
    待ち 169s: esp 挿入後の登録(bounce なし)
  [note] Q2: esp 挿入(resequence 後・bounce なし)で 3 spoke UP まで ★180s 未達
  [rec] Q2 挿入後 hit — RT01# show ip access-lists Q2WALL (406 bytes)
  [rec] Q2 4500 permit(seq 50)を外す (47 bytes)
    待ち 0s: 4500 無しで登録
    待ち 16s: 4500 無しで登録
    待ち 31s: 4500 無しで登録
    待ち 46s: 4500 無しで登録
    待ち 62s: 4500 無しで登録
    待ち 77s: 4500 無しで登録
    待ち 92s: 4500 無しで登録
    待ち 108s: 4500 無しで登録
    待ち 123s: 4500 無しで登録
    待ち 138s: 4500 無しで登録
    待ち 154s: 4500 無しで登録
    待ち 169s: 4500 無しで登録
  [note] Q2: udp 4500 permit 無しで 3 spoke UP まで ★180s 未達= 4500 は必要
  [rec] Q2 4500 無し hit — RT01# show ip access-lists Q2WALL (360 bytes)
    待ち 0s: hub で 3 spoke UP
  [note] Q2 後: 健全復帰 16s
