SSL Verification disabled
Could not find details in testbed for server terminal_server.
Could not find details in testbed for server terminal_server.
No details found in testbed for hostname terminal_server.
Could not find details in testbed for server terminal_server.
Could not find details in testbed for server terminal_server.
No details found in testbed for hostname terminal_server.
Could not find details in testbed for server terminal_server.
Could not find details in testbed for server terminal_server.
No details found in testbed for hostname terminal_server.
Could not find details in testbed for server terminal_server.
Could not find details in testbed for server terminal_server.
No details found in testbed for hostname terminal_server.
Could not find details in testbed for server terminal_server.
Could not find details in testbed for server terminal_server.
No details found in testbed for hostname terminal_server.

===== Q2b =====
  [note] == Q2b: resequence 後の正しい位置(55)へ esp 挿入・4500 無し
  [rec] Q2b wall 適用 (401 bytes)
  [rec] Q2b esp 無し hub — RT01# show dmvpn (431 bytes)
  [rec] Q2b resequence (49 bytes)
  [rec] Q2b 55 に esp 挿入 (76 bytes)
    待ち 0s: esp 挿入後の登録(bounce なし)
    待ち 16s: esp 挿入後の登録(bounce なし)
    待ち 31s: esp 挿入後の登録(bounce なし)
    待ち 46s: esp 挿入後の登録(bounce なし)
  [note] Q2b: esp 挿入(resequence 後・正しい位置・bounce なし)で 3 spoke UP まで 62s
  [rec] Q2b 挿入後 hit — RT01# show ip access-lists Q2WALL (418 bytes)
  [rec] Q2b 4500 permit(seq 40)を外す (47 bytes)
    待ち 0s: 4500 無しで登録
  [note] Q2b: udp 4500 permit 無し(reset あり)で 3 spoke UP まで 16s
  [rec] Q2b 4500 無し hit — RT01# show ip access-lists Q2WALL (362 bytes)
    待ち 0s: hub で 3 spoke UP
  [note] Q2b 後: 健全復帰 16s
