SSL Verification disabled
Could not find details in testbed for server terminal_server.
Could not find details in testbed for server terminal_server.
No details found in testbed for hostname terminal_server.
Could not find details in testbed for server terminal_server.
Could not find details in testbed for server terminal_server.
No details found in testbed for hostname terminal_server.
Could not find details in testbed for server terminal_server.
Could not find details in testbed for server terminal_server.
No details found in testbed for hostname terminal_server.
Could not find details in testbed for server terminal_server.
Could not find details in testbed for server terminal_server.
No details found in testbed for hostname terminal_server.
Could not find details in testbed for server terminal_server.
Could not find details in testbed for server terminal_server.
No details found in testbed for hostname terminal_server.

===== Q3 =====
  [note] == Q3: 打ちづらい名前の受理 / 大小違い参照
  [rec] Q3 打ちづらい名前(受理されるか) (441 bytes)
  [rec] Q3 run — RT01# show run | include Ts-aEs|IPsec.Prof|Sec_Edge|nhrp auth (226 bytes)
  [rec] Q3 大小違い参照(存在しない名前) (71 bytes)
  [rec] Q3 参照後 run — RT01# show run | section interface Tunnel0|crypto ipsec profile (477 bytes)
  [rec] Q3 profile 一覧 — RT01# show crypto ipsec profile (758 bytes)
  [rec] Q3 Tunnel 状態 — RT01# show ip interface brief | include Tunnel (74 bytes)
  [rec] Q3 log — RT01 show logging (147 bytes)
  [rec] Q3 大小違い参照 hub — RT01# show dmvpn (806 bytes)
  [rec] Q3 hub — RT01# show crypto isakmp sa (298 bytes)
  [rec] Q3 hub — RT01# show crypto ipsec sa | include peer|encaps|decaps|in use (710 bytes)
  [rec] Q3 RT02 — RT02# show dmvpn (686 bytes)
  [rec] Q3 是正 (71 bytes)
  [rec] Q3 是正後 profile(空の Prof が残る?) — RT01# show run | section crypto ipsec profile (134 bytes)
  [rec] Q3 掃除 (178 bytes)
    待ち 0s: hub で 3 spoke UP
  [note] Q3 後: 健全復帰 16s
